Archive member included to satisfy reference by file (symbol)

c:/users/asusv/appdata/roaming/code/user/globalstorage/bmd.stm32-for-vscode/@xpack-dev-tools/arm-none-eabi-gcc/12.2.1-1.2.1/.content/bin/../lib/gcc/arm-none-eabi/12.2.1/../../../../arm-none-eabi/lib/thumb/v6-m/nofp\libc_nano.a(libc_a-atexit.o)
                              c:/users/asusv/appdata/roaming/code/user/globalstorage/bmd.stm32-for-vscode/@xpack-dev-tools/arm-none-eabi-gcc/12.2.1-1.2.1/.content/bin/../lib/gcc/arm-none-eabi/12.2.1/../../../../arm-none-eabi/lib/thumb/v6-m/nofp/crt0.o (atexit)
c:/users/asusv/appdata/roaming/code/user/globalstorage/bmd.stm32-for-vscode/@xpack-dev-tools/arm-none-eabi-gcc/12.2.1-1.2.1/.content/bin/../lib/gcc/arm-none-eabi/12.2.1/../../../../arm-none-eabi/lib/thumb/v6-m/nofp\libc_nano.a(libc_a-exit.o)
                              c:/users/asusv/appdata/roaming/code/user/globalstorage/bmd.stm32-for-vscode/@xpack-dev-tools/arm-none-eabi-gcc/12.2.1-1.2.1/.content/bin/../lib/gcc/arm-none-eabi/12.2.1/../../../../arm-none-eabi/lib/thumb/v6-m/nofp/crt0.o (exit)
c:/users/asusv/appdata/roaming/code/user/globalstorage/bmd.stm32-for-vscode/@xpack-dev-tools/arm-none-eabi-gcc/12.2.1-1.2.1/.content/bin/../lib/gcc/arm-none-eabi/12.2.1/../../../../arm-none-eabi/lib/thumb/v6-m/nofp\libc_nano.a(libc_a-findfp.o)
                              c:/users/asusv/appdata/roaming/code/user/globalstorage/bmd.stm32-for-vscode/@xpack-dev-tools/arm-none-eabi-gcc/12.2.1-1.2.1/.content/bin/../lib/gcc/arm-none-eabi/12.2.1/../../../../arm-none-eabi/lib/thumb/v6-m/nofp\libc_nano.a(libc_a-exit.o) (__stdio_exit_handler)
c:/users/asusv/appdata/roaming/code/user/globalstorage/bmd.stm32-for-vscode/@xpack-dev-tools/arm-none-eabi-gcc/12.2.1-1.2.1/.content/bin/../lib/gcc/arm-none-eabi/12.2.1/../../../../arm-none-eabi/lib/thumb/v6-m/nofp\libc_nano.a(libc_a-fwalk.o)
                              c:/users/asusv/appdata/roaming/code/user/globalstorage/bmd.stm32-for-vscode/@xpack-dev-tools/arm-none-eabi-gcc/12.2.1-1.2.1/.content/bin/../lib/gcc/arm-none-eabi/12.2.1/../../../../arm-none-eabi/lib/thumb/v6-m/nofp\libc_nano.a(libc_a-findfp.o) (_fwalk_sglue)
c:/users/asusv/appdata/roaming/code/user/globalstorage/bmd.stm32-for-vscode/@xpack-dev-tools/arm-none-eabi-gcc/12.2.1-1.2.1/.content/bin/../lib/gcc/arm-none-eabi/12.2.1/../../../../arm-none-eabi/lib/thumb/v6-m/nofp\libc_nano.a(libc_a-snprintf.o)
                              build/debug/Core/Src/main.o (snprintf)
c:/users/asusv/appdata/roaming/code/user/globalstorage/bmd.stm32-for-vscode/@xpack-dev-tools/arm-none-eabi-gcc/12.2.1-1.2.1/.content/bin/../lib/gcc/arm-none-eabi/12.2.1/../../../../arm-none-eabi/lib/thumb/v6-m/nofp\libc_nano.a(libc_a-stdio.o)
                              c:/users/asusv/appdata/roaming/code/user/globalstorage/bmd.stm32-for-vscode/@xpack-dev-tools/arm-none-eabi-gcc/12.2.1-1.2.1/.content/bin/../lib/gcc/arm-none-eabi/12.2.1/../../../../arm-none-eabi/lib/thumb/v6-m/nofp\libc_nano.a(libc_a-findfp.o) (__sread)
c:/users/asusv/appdata/roaming/code/user/globalstorage/bmd.stm32-for-vscode/@xpack-dev-tools/arm-none-eabi-gcc/12.2.1-1.2.1/.content/bin/../lib/gcc/arm-none-eabi/12.2.1/../../../../arm-none-eabi/lib/thumb/v6-m/nofp\libc_nano.a(libc_a-memset.o)
                              c:/users/asusv/appdata/roaming/code/user/globalstorage/bmd.stm32-for-vscode/@xpack-dev-tools/arm-none-eabi-gcc/12.2.1-1.2.1/.content/bin/../lib/gcc/arm-none-eabi/12.2.1/../../../../arm-none-eabi/lib/thumb/v6-m/nofp/crt0.o (memset)
c:/users/asusv/appdata/roaming/code/user/globalstorage/bmd.stm32-for-vscode/@xpack-dev-tools/arm-none-eabi-gcc/12.2.1-1.2.1/.content/bin/../lib/gcc/arm-none-eabi/12.2.1/../../../../arm-none-eabi/lib/thumb/v6-m/nofp\libc_nano.a(libc_a-closer.o)
                              c:/users/asusv/appdata/roaming/code/user/globalstorage/bmd.stm32-for-vscode/@xpack-dev-tools/arm-none-eabi-gcc/12.2.1-1.2.1/.content/bin/../lib/gcc/arm-none-eabi/12.2.1/../../../../arm-none-eabi/lib/thumb/v6-m/nofp\libc_nano.a(libc_a-stdio.o) (_close_r)
c:/users/asusv/appdata/roaming/code/user/globalstorage/bmd.stm32-for-vscode/@xpack-dev-tools/arm-none-eabi-gcc/12.2.1-1.2.1/.content/bin/../lib/gcc/arm-none-eabi/12.2.1/../../../../arm-none-eabi/lib/thumb/v6-m/nofp\libc_nano.a(libc_a-reent.o)
                              c:/users/asusv/appdata/roaming/code/user/globalstorage/bmd.stm32-for-vscode/@xpack-dev-tools/arm-none-eabi-gcc/12.2.1-1.2.1/.content/bin/../lib/gcc/arm-none-eabi/12.2.1/../../../../arm-none-eabi/lib/thumb/v6-m/nofp\libc_nano.a(libc_a-closer.o) (errno)
c:/users/asusv/appdata/roaming/code/user/globalstorage/bmd.stm32-for-vscode/@xpack-dev-tools/arm-none-eabi-gcc/12.2.1-1.2.1/.content/bin/../lib/gcc/arm-none-eabi/12.2.1/../../../../arm-none-eabi/lib/thumb/v6-m/nofp\libc_nano.a(libc_a-impure.o)
[...]
Memory Configuration

Name             Origin             Length             Attributes
RAM              0x0000000020000000 0x0000000000002000 xrw
FLASH            0x0000000008000000 0x0000000000008000 xr
*default*        0x0000000000000000 0xffffffffffffffff

Linker script and memory map

LOAD c:/users/asusv/appdata/roaming/code/user/globalstorage/bmd.stm32-for-vscode/@xpack-dev-tools/arm-none-eabi-gcc/12.2.1-1.2.1/.content/bin/../lib/gcc/arm-none-eabi/12.2.1/thumb/v6-m/nofp/crti.o
LOAD c:/users/asusv/appdata/roaming/code/user/globalstorage/bmd.stm32-for-vscode/@xpack-dev-tools/arm-none-eabi-gcc/12.2.1-1.2.1/.content/bin/../lib/gcc/arm-none-eabi/12.2.1/thumb/v6-m/nofp/crtbegin.o
LOAD c:/users/asusv/appdata/roaming/code/user/globalstorage/bmd.stm32-for-vscode/@xpack-dev-tools/arm-none-eabi-gcc/12.2.1-1.2.1/.content/bin/../lib/gcc/arm-none-eabi/12.2.1/../../../../arm-none-eabi/lib/thumb/v6-m/nofp/crt0.o
LOAD build/debug/Core/Src/main.o
LOAD build/debug/Core/Src/stm32f0xx_hal_msp.o
LOAD build/debug/Core/Src/stm32f0xx_it.o
LOAD build/debug/Core/Src/system_stm32f0xx.o
LOAD build/debug/Drivers/STM32F0xx_HAL_Driver/Src/stm32f0xx_hal.o
LOAD build/debug/Drivers/STM32F0xx_HAL_Driver/Src/stm32f0xx_hal_adc.o
LOAD build/debug/Drivers/STM32F0xx_HAL_Driver/Src/stm32f0xx_hal_adc_ex.o
LOAD build/debug/Drivers/STM32F0xx_HAL_Driver/Src/stm32f0xx_hal_cortex.o
LOAD build/debug/Drivers/STM32F0xx_HAL_Driver/Src/stm32f0xx_hal_dma.o
LOAD build/debug/Drivers/STM32F0xx_HAL_Driver/Src/stm32f0xx_hal_flash.o
LOAD build/debug/Drivers/STM32F0xx_HAL_Driver/Src/stm32f0xx_hal_flash_ex.o
LOAD build/debug/Drivers/STM32F0xx_HAL_Driver/Src/stm32f0xx_hal_gpio.o
LOAD build/debug/Drivers/STM32F0xx_HAL_Driver/Src/stm32f0xx_hal_i2c.o
LOAD build/debug/Drivers/STM32F0xx_HAL_Driver/Src/stm32f0xx_hal_i2c_ex.o
LOAD build/debug/Drivers/STM32F0xx_HAL_Driver/Src/stm32f0xx_hal_pwr.o
LOAD build/debug/Drivers/STM32F0xx_HAL_Driver/Src/stm32f0xx_hal_pwr_ex.o
LOAD build/debug/Drivers/STM32F0xx_HAL_Driver/Src/stm32f0xx_hal_rcc.o
LOAD build/debug/Drivers/STM32F0xx_HAL_Driver/Src/stm32f0xx_hal_rcc_ex.o
LOAD build/debug/Drivers/STM32F0xx_HAL_Driver/Src/stm32f0xx_hal_tim.o
LOAD build/debug/Drivers/STM32F0xx_HAL_Driver/Src/stm32f0xx_hal_tim_ex.o
LOAD build/debug/Drivers/STM32F0xx_HAL_Driver/Src/stm32f0xx_ll_exti.o
LOAD build/debug/Drivers/STM32F0xx_HAL_Driver/Src/stm32f0xx_ll_gpio.o
LOAD build/debug/Drivers/STM32F0xx_HAL_Driver/Src/stm32f0xx_ll_rcc.o
LOAD build/debug/Drivers/STM32F0xx_HAL_Driver/Src/stm32f0xx_ll_utils.o
LOAD build/debug/startup_stm32f051x8.o
LOAD c:/users/asusv/appdata/roaming/code/user/globalstorage/bmd.stm32-for-vscode/@xpack-dev-tools/arm-none-eabi-gcc/12.2.1-1.2.1/.content/bin/../lib/gcc/arm-none-eabi/12.2.1/../../../../arm-none-eabi/lib/thumb/v6-m/nofp\libc_nano.a
LOAD c:/users/asusv/appdata/roaming/code/user/globalstorage/bmd.stm32-for-vscode/@xpack-dev-tools/arm-none-eabi-gcc/12.2.1-1.2.1/.content/bin/../lib/gcc/arm-none-eabi/12.2.1/../../../../arm-none-eabi/lib/thumb/v6-m/nofp\libm.a
LOAD c:/users/asusv/appdata/roaming/code/user/globalstorage/bmd.stm32-for-vscode/@xpack-dev-tools/arm-none-eabi-gcc/12.2.1-1.2.1/.content/bin/../lib/gcc/arm-none-eabi/12.2.1/../../../../arm-none-eabi/lib/thumb/v6-m/nofp\libnosys.a
START GROUP
LOAD c:/users/asusv/appdata/roaming/code/user/globalstorage/bmd.stm32-for-vscode/@xpack-dev-tools/arm-none-eabi-gcc/12.2.1-1.2.1/.content/bin/../lib/gcc/arm-none-eabi/12.2.1/thumb/v6-m/nofp\libgcc.a
LOAD c:/users/asusv/appdata/roaming/code/user/globalstorage/bmd.stm32-for-vscode/@xpack-dev-tools/arm-none-eabi-gcc/12.2.1-1.2.1/.content/bin/../lib/gcc/arm-none-eabi/12.2.1/../../../../arm-none-eabi/lib/thumb/v6-m/nofp\libc_nano.a
END GROUP
START GROUP
LOAD c:/users/asusv/appdata/roaming/code/user/globalstorage/bmd.stm32-for-vscode/@xpack-dev-tools/arm-none-eabi-gcc/12.2.1-1.2.1/.content/bin/../lib/gcc/arm-none-eabi/12.2.1/thumb/v6-m/nofp\libgcc.a
LOAD c:/users/asusv/appdata/roaming/code/user/globalstorage/bmd.stm32-for-vscode/@xpack-dev-tools/arm-none-eabi-gcc/12.2.1-1.2.1/.content/bin/../lib/gcc/arm-none-eabi/12.2.1/../../../../arm-none-eabi/lib/thumb/v6-m/nofp\libc_nano.a
END GROUP
LOAD c:/users/asusv/appdata/roaming/code/user/globalstorage/bmd.stm32-for-vscode/@xpack-dev-tools/arm-none-eabi-gcc/12.2.1-1.2.1/.content/bin/../lib/gcc/arm-none-eabi/12.2.1/thumb/v6-m/nofp/crtend.o
LOAD c:/users/asusv/appdata/roaming/code/user/globalstorage/bmd.stm32-for-vscode/@xpack-dev-tools/arm-none-eabi-gcc/12.2.1-1.2.1/.content/bin/../lib/gcc/arm-none-eabi/12.2.1/thumb/v6-m/nofp/crtn.o
                0x0000000020002000                _estack = (ORIGIN (RAM) + LENGTH (RAM))
                0x0000000000000200                _Min_Heap_Size = 0x200
                0x0000000000000400                _Min_Stack_Size = 0x400

.isr_vector     0x0000000008000000       0xc0
                0x0000000008000000                . = ALIGN (0x4)
 *(.isr_vector)
 .isr_vector    0x0000000008000000       0xc0 build/debug/startup_stm32f051x8.o
                0x0000000008000000                g_pfnVectors
                0x00000000080000c0                . = ALIGN (0x4)

.text           0x00000000080000c0     0x2bb0
                0x00000000080000c0                . = ALIGN (0x4)
 *(.text)
 .text          0x00000000080000c0       0x14 c:/users/asusv/appdata/roaming/code/user/globalstorage/bmd.stm32-for-vscode/@xpack-dev-tools/arm-none-eabi-gcc/12.2.1-1.2.1/.content/bin/../lib/gcc/arm-none-eabi/12.2.1/thumb/v6-m/nofp\libgcc.a(_thumb1_case_shi.o)
                0x00000000080000c0                __gnu_thumb1_case_shi
 .text          0x00000000080000d4      0x114 c:/users/asusv/appdata/roaming/code/user/globalstorage/bmd.stm32-for-vscode/@xpack-dev-tools/arm-none-eabi-gcc/12.2.1-1.2.1/.content/bin/../lib/gcc/arm-none-eabi/12.2.1/thumb/v6-m/nofp\libgcc.a(_udivsi3.o)
                0x00000000080000d4                __aeabi_uidiv
                0x00000000080000d4                __udivsi3
                0x00000000080001e0                __aeabi_uidivmod
 .text          0x00000000080001e8        0x4 c:/users/asusv/appdata/roaming/code/user/globalstorage/bmd.stm32-for-vscode/@xpack-dev-tools/arm-none-eabi-gcc/12.2.1-1.2.1/.content/bin/../lib/gcc/arm-none-eabi/12.2.1/thumb/v6-m/nofp\libgcc.a(_dvmd_tls.o)
                0x00000000080001e8                __aeabi_idiv0
                0x00000000080001e8                __aeabi_ldiv0
 *(.text*)
 .text.__do_global_dtors_aux
                0x00000000080001ec       0x28 c:/users/asusv/appdata/roaming/code/user/globalstorage/bmd.stm32-for-vscode/@xpack-dev-tools/arm-none-eabi-gcc/12.2.1-1.2.1/.content/bin/../lib/gcc/arm-none-eabi/12.2.1/thumb/v6-m/nofp/crtbegin.o
 .text.frame_dummy
                0x0000000008000214       0x20 c:/users/asusv/appdata/roaming/code/user/globalstorage/bmd.stm32-for-vscode/@xpack-dev-tools/arm-none-eabi-gcc/12.2.1-1.2.1/.content/bin/../lib/gcc/arm-none-eabi/12.2.1/thumb/v6-m/nofp/crtbegin.o
 .text.init_spi
                0x0000000008000234       0x90 build/debug/Core/Src/main.o
 .text.spi_delay
                0x00000000080002c4       0x20 build/debug/Core/Src/main.o
 .text.write_to_address
                0x00000000080002e4       0xb4 build/debug/Core/Src/main.o
 .text.read_from_address
                0x0000000008000398       0x84 build/debug/Core/Src/main.o
 .text.MX_GPIO_Init
                0x000000000800041c       0xc8 build/debug/Core/Src/main.o
 .text.delay    0x00000000080004e4       0x20 build/debug/Core/Src/main.o
                0x00000000080004e4                delay
 .text.pulse_strobe
                0x0000000008000504       0x38 build/debug/Core/Src/main.o
                0x0000000008000504                pulse_strobe
 .text.lcd_putchar
                0x000000000800053c      0x124 build/debug/Core/Src/main.o
                0x000000000800053c                lcd_putchar
 .text.lcd_putstring
                0x0000000008000660       0x18 build/debug/Core/Src/main.o
                0x0000000008000660                lcd_putstring
 .text.lcd_command
                0x0000000008000678      0x130 build/debug/Core/Src/main.o
                0x0000000008000678                lcd_command
 .text.init_LCD
                0x00000000080007a8       0x80 build/debug/Core/Src/main.o
                0x00000000080007a8                init_LCD
 .text.TIM6_DAC_IRQHandler
                0x0000000008000828       0x1c build/debug/Core/Src/main.o
                0x0000000008000828                TIM6_DAC_IRQHandler
 .text.writeLCD
                0x0000000008000844       0x2c build/debug/Core/Src/main.o
                0x0000000008000844                writeLCD
 .text.TIM16_IRQHandler
                0x0000000008000870       0x78 build/debug/Core/Src/main.o
                0x0000000008000870                TIM16_IRQHandler
 .text.pollADC  0x00000000080008e8       0x28 build/debug/Core/Src/main.o
                0x00000000080008e8                pollADC
 .text.ADCtoCCR
                0x0000000008000910       0x18 build/debug/Core/Src/main.o
                0x0000000008000910                ADCtoCCR
 .text.ADC1_COMP_IRQHandler
                0x0000000008000928       0x20 build/debug/Core/Src/main.o
                0x0000000008000928                ADC1_COMP_IRQHandler
 .text.Error_Handler
                0x0000000008000948        0x4 build/debug/Core/Src/main.o
                0x0000000008000948                Error_Handler
 .text.MX_ADC_Init
                0x000000000800094c       0x9c build/debug/Core/Src/main.o
 .text.MX_TIM3_Init
                0x00000000080009e8       0xb0 build/debug/Core/Src/main.o
 .text.MX_TIM16_Init
                0x0000000008000a98       0x48 build/debug/Core/Src/main.o
 .text.MX_TIM6_Init
                0x0000000008000ae0       0x68 build/debug/Core/Src/main.o
 .text.SystemClock_Config
                0x0000000008000b48       0xa4 build/debug/Core/Src/main.o
                0x0000000008000b48                SystemClock_Config
 .text.main     0x0000000008000bec       0x80 build/debug/Core/Src/main.o
                0x0000000008000bec                main
 .text.EXTI0_1_IRQHandler
                0x0000000008000c6c       0x58 build/debug/Core/Src/main.o
                0x0000000008000c6c                EXTI0_1_IRQHandler
 .text.HAL_MspInit
                0x0000000008000cc4       0x30 build/debug/Core/Src/stm32f0xx_hal_msp.o
                0x0000000008000cc4                HAL_MspInit
 .text.HAL_ADC_MspInit
                0x0000000008000cf4       0x60 build/debug/Core/Src/stm32f0xx_hal_msp.o
                0x0000000008000cf4                HAL_ADC_MspInit
 .text.HAL_TIM_Base_MspInit
                0x0000000008000d54       0x68 build/debug/Core/Src/stm32f0xx_hal_msp.o
                0x0000000008000d54                HAL_TIM_Base_MspInit
 .text.HAL_TIM_MspPostInit
                0x0000000008000dbc       0x50 build/debug/Core/Src/stm32f0xx_hal_msp.o
                0x0000000008000dbc                HAL_TIM_MspPostInit
 .text.NMI_Handler
                0x0000000008000e0c        0x2 build/debug/Core/Src/stm32f0xx_it.o
                0x0000000008000e0c                NMI_Handler
 .text.HardFault_Handler
                0x0000000008000e0e        0x2 build/debug/Core/Src/stm32f0xx_it.o
                0x0000000008000e0e                HardFault_Handler
 .text.SVC_Handler
                0x0000000008000e10        0x2 build/debug/Core/Src/stm32f0xx_it.o
                0x0000000008000e10                SVC_Handler
 .text.PendSV_Handler
                0x0000000008000e12        0x2 build/debug/Core/Src/stm32f0xx_it.o
                0x0000000008000e12                PendSV_Handler
 .text.SysTick_Handler
                0x0000000008000e14        0x8 build/debug/Core/Src/stm32f0xx_it.o
                0x0000000008000e14                SysTick_Handler
 .text.SystemInit
                0x0000000008000e1c        0x2 build/debug/Core/Src/system_stm32f0xx.o
                0x0000000008000e1c                SystemInit
 *fill*         0x0000000008000e1e        0x2 
 .text.HAL_InitTick
                0x0000000008000e20       0x50 build/debug/Drivers/STM32F0xx_HAL_Driver/Src/stm32f0xx_hal.o
                0x0000000008000e20                HAL_InitTick
 .text.HAL_Init
                0x0000000008000e70       0x20 build/debug/Drivers/STM32F0xx_HAL_Driver/Src/stm32f0xx_hal.o
                0x0000000008000e70                HAL_Init
 .text.HAL_IncTick
                0x0000000008000e90       0x18 build/debug/Drivers/STM32F0xx_HAL_Driver/Src/stm32f0xx_hal.o
                0x0000000008000e90                HAL_IncTick
 .text.HAL_GetTick
                0x0000000008000ea8        0xc build/debug/Drivers/STM32F0xx_HAL_Driver/Src/stm32f0xx_hal.o
                0x0000000008000ea8                HAL_GetTick
 .text.ADC_ConversionStop
                0x0000000008000eb4       0x5c build/debug/Drivers/STM32F0xx_HAL_Driver/Src/stm32f0xx_hal_adc.o
 .text.ADC_Disable
                0x0000000008000f10       0x88 build/debug/Drivers/STM32F0xx_HAL_Driver/Src/stm32f0xx_hal_adc.o
 .text.ADC_Enable
                0x0000000008000f98       0xb0 build/debug/Drivers/STM32F0xx_HAL_Driver/Src/stm32f0xx_hal_adc.o
 .text.HAL_ADC_Init
                0x0000000008001048      0x184 build/debug/Drivers/STM32F0xx_HAL_Driver/Src/stm32f0xx_hal_adc.o
                0x0000000008001048                HAL_ADC_Init
 .text.HAL_ADC_Start
                0x00000000080011cc       0x60 build/debug/Drivers/STM32F0xx_HAL_Driver/Src/stm32f0xx_hal_adc.o
                0x00000000080011cc                HAL_ADC_Start
 .text.HAL_ADC_Stop
                0x000000000800122c       0x44 build/debug/Drivers/STM32F0xx_HAL_Driver/Src/stm32f0xx_hal_adc.o
                0x000000000800122c                HAL_ADC_Stop
 .text.HAL_ADC_PollForConversion
                0x0000000008001270       0xc8 build/debug/Drivers/STM32F0xx_HAL_Driver/Src/stm32f0xx_hal_adc.o
                0x0000000008001270                HAL_ADC_PollForConversion
 .text.HAL_ADC_GetValue
                0x0000000008001338        0x6 build/debug/Drivers/STM32F0xx_HAL_Driver/Src/stm32f0xx_hal_adc.o
                0x0000000008001338                HAL_ADC_GetValue
 .text.HAL_ADC_ConvCpltCallback
                0x000000000800133e        0x2 build/debug/Drivers/STM32F0xx_HAL_Driver/Src/stm32f0xx_hal_adc.o
                0x000000000800133e                HAL_ADC_ConvCpltCallback
 .text.HAL_ADC_LevelOutOfWindowCallback
                0x0000000008001340        0x2 build/debug/Drivers/STM32F0xx_HAL_Driver/Src/stm32f0xx_hal_adc.o
                0x0000000008001340                HAL_ADC_LevelOutOfWindowCallback
 .text.HAL_ADC_ErrorCallback
                0x0000000008001342        0x2 build/debug/Drivers/STM32F0xx_HAL_Driver/Src/stm32f0xx_hal_adc.o
                0x0000000008001342                HAL_ADC_ErrorCallback
 .text.HAL_ADC_IRQHandler
                0x0000000008001344       0xd0 build/debug/Drivers/STM32F0xx_HAL_Driver/Src/stm32f0xx_hal_adc.o
                0x0000000008001344                HAL_ADC_IRQHandler
 .text.HAL_ADC_ConfigChannel
                0x0000000008001414      0x134 build/debug/Drivers/STM32F0xx_HAL_Driver/Src/stm32f0xx_hal_adc.o
                0x0000000008001414                HAL_ADC_ConfigChannel
 .text.__NVIC_SetPriority
                0x0000000008001548       0x60 build/debug/Drivers/STM32F0xx_HAL_Driver/Src/stm32f0xx_hal_cortex.o
 .text.SysTick_Config
                0x00000000080015a8       0x38 build/debug/Drivers/STM32F0xx_HAL_Driver/Src/stm32f0xx_hal_cortex.o
 .text.HAL_NVIC_SetPriority
                0x00000000080015e0        0x8 build/debug/Drivers/STM32F0xx_HAL_Driver/Src/stm32f0xx_hal_cortex.o
                0x00000000080015e0                HAL_NVIC_SetPriority
 .text.HAL_NVIC_EnableIRQ
                0x00000000080015e8       0x18 build/debug/Drivers/STM32F0xx_HAL_Driver/Src/stm32f0xx_hal_cortex.o
                0x00000000080015e8                HAL_NVIC_EnableIRQ
 .text.HAL_SYSTICK_Config
                0x0000000008001600        0x8 build/debug/Drivers/STM32F0xx_HAL_Driver/Src/stm32f0xx_hal_cortex.o
                0x0000000008001600                HAL_SYSTICK_Config
 .text.HAL_GPIO_Init
                0x0000000008001608      0x188 build/debug/Drivers/STM32F0xx_HAL_Driver/Src/stm32f0xx_hal_gpio.o
                0x0000000008001608                HAL_GPIO_Init
 .text.HAL_GPIO_WritePin
                0x0000000008001790        0xc build/debug/Drivers/STM32F0xx_HAL_Driver/Src/stm32f0xx_hal_gpio.o
                0x0000000008001790                HAL_GPIO_WritePin
 .text.HAL_GPIO_TogglePin
                0x000000000800179c       0x10 build/debug/Drivers/STM32F0xx_HAL_Driver/Src/stm32f0xx_hal_gpio.o
                0x000000000800179c                HAL_GPIO_TogglePin
 .text.HAL_GPIO_EXTI_Callback
                0x00000000080017ac        0x2 build/debug/Drivers/STM32F0xx_HAL_Driver/Src/stm32f0xx_hal_gpio.o
                0x00000000080017ac                HAL_GPIO_EXTI_Callback
 *fill*         0x00000000080017ae        0x2 
 .text.HAL_GPIO_EXTI_IRQHandler
                0x00000000080017b0       0x1c build/debug/Drivers/STM32F0xx_HAL_Driver/Src/stm32f0xx_hal_gpio.o
                0x00000000080017b0                HAL_GPIO_EXTI_IRQHandler
 .text.TIM_OC1_SetConfig
                0x00000000080017cc       0x8c build/debug/Drivers/STM32F0xx_HAL_Driver/Src/stm32f0xx_hal_tim.o
 .text.TIM_OC3_SetConfig
                0x0000000008001858       0x8c build/debug/Drivers/STM32F0xx_HAL_Driver/Src/stm32f0xx_hal_tim.o
 .text.TIM_OC4_SetConfig
                0x00000000080018e4       0x74 build/debug/Drivers/STM32F0xx_HAL_Driver/Src/stm32f0xx_hal_tim.o
 .text.TIM_TI1_ConfigInputStage
                0x0000000008001958       0x22 build/debug/Drivers/STM32F0xx_HAL_Driver/Src/stm32f0xx_hal_tim.o
 *fill*         0x000000000800197a        0x2 
 .text.TIM_TI2_ConfigInputStage
                0x000000000800197c       0x28 build/debug/Drivers/STM32F0xx_HAL_Driver/Src/stm32f0xx_hal_tim.o
 .text.TIM_ITRx_SetConfig
                0x00000000080019a4       0x10 build/debug/Drivers/STM32F0xx_HAL_Driver/Src/stm32f0xx_hal_tim.o
 .text.HAL_TIM_Base_Start_IT
                0x00000000080019b4       0x6c build/debug/Drivers/STM32F0xx_HAL_Driver/Src/stm32f0xx_hal_tim.o
                0x00000000080019b4                HAL_TIM_Base_Start_IT
 .text.HAL_TIM_PWM_MspInit
                0x0000000008001a20        0x2 build/debug/Drivers/STM32F0xx_HAL_Driver/Src/stm32f0xx_hal_tim.o
                0x0000000008001a20                HAL_TIM_PWM_MspInit
 .text.HAL_TIM_PeriodElapsedCallback
                0x0000000008001a22        0x2 build/debug/Drivers/STM32F0xx_HAL_Driver/Src/stm32f0xx_hal_tim.o
                0x0000000008001a22                HAL_TIM_PeriodElapsedCallback
 .text.HAL_TIM_OC_DelayElapsedCallback
                0x0000000008001a24        0x2 build/debug/Drivers/STM32F0xx_HAL_Driver/Src/stm32f0xx_hal_tim.o
                0x0000000008001a24                HAL_TIM_OC_DelayElapsedCallback
 .text.HAL_TIM_IC_CaptureCallback
                0x0000000008001a26        0x2 build/debug/Drivers/STM32F0xx_HAL_Driver/Src/stm32f0xx_hal_tim.o
                0x0000000008001a26                HAL_TIM_IC_CaptureCallback
 .text.HAL_TIM_PWM_PulseFinishedCallback
                0x0000000008001a28        0x2 build/debug/Drivers/STM32F0xx_HAL_Driver/Src/stm32f0xx_hal_tim.o
                0x0000000008001a28                HAL_TIM_PWM_PulseFinishedCallback
 .text.HAL_TIM_TriggerCallback
                0x0000000008001a2a        0x2 build/debug/Drivers/STM32F0xx_HAL_Driver/Src/stm32f0xx_hal_tim.o
                0x0000000008001a2a                HAL_TIM_TriggerCallback
 .text.HAL_TIM_IRQHandler
                0x0000000008001a2c      0x15a build/debug/Drivers/STM32F0xx_HAL_Driver/Src/stm32f0xx_hal_tim.o
                0x0000000008001a2c                HAL_TIM_IRQHandler
 *fill*         0x0000000008001b86        0x2 
 .text.TIM_Base_SetConfig
                0x0000000008001b88       0xa4 build/debug/Drivers/STM32F0xx_HAL_Driver/Src/stm32f0xx_hal_tim.o
                0x0000000008001b88                TIM_Base_SetConfig
 .text.HAL_TIM_Base_Init
                0x0000000008001c2c       0x58 build/debug/Drivers/STM32F0xx_HAL_Driver/Src/stm32f0xx_hal_tim.o
                0x0000000008001c2c                HAL_TIM_Base_Init
 .text.HAL_TIM_PWM_Init
                0x0000000008001c84       0x58 build/debug/Drivers/STM32F0xx_HAL_Driver/Src/stm32f0xx_hal_tim.o
                0x0000000008001c84                HAL_TIM_PWM_Init
 .text.TIM_OC2_SetConfig
                0x0000000008001cdc       0x84 build/debug/Drivers/STM32F0xx_HAL_Driver/Src/stm32f0xx_hal_tim.o
                0x0000000008001cdc                TIM_OC2_SetConfig
 .text.HAL_TIM_PWM_ConfigChannel
                0x0000000008001d60       0xf0 build/debug/Drivers/STM32F0xx_HAL_Driver/Src/stm32f0xx_hal_tim.o
                0x0000000008001d60                HAL_TIM_PWM_ConfigChannel
 .text.TIM_ETR_SetConfig
                0x0000000008001e50       0x18 build/debug/Drivers/STM32F0xx_HAL_Driver/Src/stm32f0xx_hal_tim.o
                0x0000000008001e50                TIM_ETR_SetConfig
 .text.HAL_TIM_ConfigClockSource
                0x0000000008001e68      0x108 build/debug/Drivers/STM32F0xx_HAL_Driver/Src/stm32f0xx_hal_tim.o
                0x0000000008001e68                HAL_TIM_ConfigClockSource
 .text.TIM_CCxChannelCmd
                0x0000000008001f70       0x1a build/debug/Drivers/STM32F0xx_HAL_Driver/Src/stm32f0xx_hal_tim.o
                0x0000000008001f70                TIM_CCxChannelCmd
 *fill*         0x0000000008001f8a        0x2 
 .text.HAL_TIM_PWM_Start
                0x0000000008001f8c       0xfc build/debug/Drivers/STM32F0xx_HAL_Driver/Src/stm32f0xx_hal_tim.o
                0x0000000008001f8c                HAL_TIM_PWM_Start
 .text.HAL_TIMEx_MasterConfigSynchronization
                0x0000000008002088       0x6c build/debug/Drivers/STM32F0xx_HAL_Driver/Src/stm32f0xx_hal_tim_ex.o
                0x0000000008002088                HAL_TIMEx_MasterConfigSynchronization
 .text.HAL_TIMEx_CommutCallback
                0x00000000080020f4        0x2 build/debug/Drivers/STM32F0xx_HAL_Driver/Src/stm32f0xx_hal_tim_ex.o
                0x00000000080020f4                HAL_TIMEx_CommutCallback
 .text.HAL_TIMEx_BreakCallback
                0x00000000080020f6        0x2 build/debug/Drivers/STM32F0xx_HAL_Driver/Src/stm32f0xx_hal_tim_ex.o
                0x00000000080020f6                HAL_TIMEx_BreakCallback
 .text.LL_EXTI_Init
                0x00000000080020f8       0xc8 build/debug/Drivers/STM32F0xx_HAL_Driver/Src/stm32f0xx_ll_exti.o
                0x00000000080020f8                LL_EXTI_Init
 .text.LL_GPIO_Init
                0x00000000080021c0       0xb8 build/debug/Drivers/STM32F0xx_HAL_Driver/Src/stm32f0xx_ll_gpio.o
                0x00000000080021c0                LL_GPIO_Init
 .text.LL_SetSystemCoreClock
                0x0000000008002278        0xc build/debug/Drivers/STM32F0xx_HAL_Driver/Src/stm32f0xx_ll_utils.o
                0x0000000008002278                LL_SetSystemCoreClock
 .text.Reset_Handler
                0x0000000008002284       0x50 build/debug/startup_stm32f051x8.o
                0x0000000008002284                Reset_Handler
 .text.Default_Handler
                0x00000000080022d4        0x2 build/debug/startup_stm32f051x8.o
                0x00000000080022d4                TIM1_CC_IRQHandler
                0x00000000080022d4                TSC_IRQHandler
                0x00000000080022d4                PVD_IRQHandler
                0x00000000080022d4                I2C1_IRQHandler
                0x00000000080022d4                RCC_CRS_IRQHandler
                0x00000000080022d4                SPI1_IRQHandler
                0x00000000080022d4                EXTI2_3_IRQHandler
                0x00000000080022d4                I2C2_IRQHandler
                0x00000000080022d4                TIM17_IRQHandler
                0x00000000080022d4                CEC_CAN_IRQHandler
                0x00000000080022d4                RTC_IRQHandler
                0x00000000080022d4                TIM3_IRQHandler
                0x00000000080022d4                EXTI4_15_IRQHandler
                0x00000000080022d4                DMA1_Channel1_IRQHandler
                0x00000000080022d4                Default_Handler
                0x00000000080022d4                TIM14_IRQHandler
                0x00000000080022d4                DMA1_Channel4_5_IRQHandler
                0x00000000080022d4                TIM15_IRQHandler
                0x00000000080022d4                SPI2_IRQHandler
                0x00000000080022d4                WWDG_IRQHandler
                0x00000000080022d4                TIM2_IRQHandler
                0x00000000080022d4                DMA1_Channel2_3_IRQHandler
                0x00000000080022d4                USART2_IRQHandler
                0x00000000080022d4                FLASH_IRQHandler
                0x00000000080022d4                USART1_IRQHandler
                0x00000000080022d4                TIM1_BRK_UP_TRG_COM_IRQHandler
 *fill*         0x00000000080022d6        0x2 
 .text.snprintf
                0x00000000080022d8       0x68 c:/users/asusv/appdata/roaming/code/user/globalstorage/bmd.stm32-for-vscode/@xpack-dev-tools/arm-none-eabi-gcc/12.2.1-1.2.1/.content/bin/../lib/gcc/arm-none-eabi/12.2.1/../../../../arm-none-eabi/lib/thumb/v6-m/nofp\libc_nano.a(libc_a-snprintf.o)
                0x00000000080022d8                sniprintf
                0x00000000080022d8                snprintf
 .text.memset   0x0000000008002340       0x10 c:/users/asusv/appdata/roaming/code/user/globalstorage/bmd.stm32-for-vscode/@xpack-dev-tools/arm-none-eabi-gcc/12.2.1-1.2.1/.content/bin/../lib/gcc/arm-none-eabi/12.2.1/../../../../arm-none-eabi/lib/thumb/v6-m/nofp\libc_nano.a(libc_a-memset.o)
                0x0000000008002340                memset
 .text.__libc_init_array
                0x0000000008002350       0x48 c:/users/asusv/appdata/roaming/code/user/globalstorage/bmd.stm32-for-vscode/@xpack-dev-tools/arm-none-eabi-gcc/12.2.1-1.2.1/.content/bin/../lib/gcc/arm-none-eabi/12.2.1/../../../../arm-none-eabi/lib/thumb/v6-m/nofp\libc_nano.a(libc_a-init.o)
                0x0000000008002350                __libc_init_array
 .text.__retarget_lock_acquire_recursive
                0x0000000008002398        0x2 c:/users/asusv/appdata/roaming/code/user/globalstorage/bmd.stm32-for-vscode/@xpack-dev-tools/arm-none-eabi-gcc/12.2.1-1.2.1/.content/bin/../lib/gcc/arm-none-eabi/12.2.1/../../../../arm-none-eabi/lib/thumb/v6-m/nofp\libc_nano.a(libc_a-lock.o)
                0x0000000008002398                __retarget_lock_acquire_recursive
 .text.__retarget_lock_release_recursive
                0x000000000800239a        0x2 c:/users/asusv/appdata/roaming/code/user/globalstorage/bmd.stm32-for-vscode/@xpack-dev-tools/arm-none-eabi-gcc/12.2.1-1.2.1/.content/bin/../lib/gcc/arm-none-eabi/12.2.1/../../../../arm-none-eabi/lib/thumb/v6-m/nofp\libc_nano.a(libc_a-lock.o)
                0x000000000800239a                __retarget_lock_release_recursive
 .text._free_r  0x000000000800239c       0x94 c:/users/asusv/appdata/roaming/code/user/globalstorage/bmd.stm32-for-vscode/@xpack-dev-tools/arm-none-eabi-gcc/12.2.1-1.2.1/.content/bin/../lib/gcc/arm-none-eabi/12.2.1/../../../../arm-none-eabi/lib/thumb/v6-m/nofp\libc_nano.a(libc_a-freer.o)
                0x000000000800239c                _free_r
 .text.sbrk_aligned
                0x0000000008002430       0x44 c:/users/asusv/appdata/roaming/code/user/globalstorage/bmd.stm32-for-vscode/@xpack-dev-tools/arm-none-eabi-gcc/12.2.1-1.2.1/.content/bin/../lib/gcc/arm-none-eabi/12.2.1/../../../../arm-none-eabi/lib/thumb/v6-m/nofp\libc_nano.a(libc_a-mallocr.o)
 .text._malloc_r
                0x0000000008002474       0xf4 c:/users/asusv/appdata/roaming/code/user/globalstorage/bmd.stm32-for-vscode/@xpack-dev-tools/arm-none-eabi-gcc/12.2.1-1.2.1/.content/bin/../lib/gcc/arm-none-eabi/12.2.1/../../../../arm-none-eabi/lib/thumb/v6-m/nofp\libc_nano.a(libc_a-mallocr.o)
                0x0000000008002474                _malloc_r
 .text.__malloc_lock
                0x0000000008002568       0x10 c:/users/asusv/appdata/roaming/code/user/globalstorage/bmd.stm32-for-vscode/@xpack-dev-tools/arm-none-eabi-gcc/12.2.1-1.2.1/.content/bin/../lib/gcc/arm-none-eabi/12.2.1/../../../../arm-none-eabi/lib/thumb/v6-m/nofp\libc_nano.a(libc_a-mlock.o)
                0x0000000008002568                __malloc_lock
 .text.__malloc_unlock
                0x0000000008002578       0x10 c:/users/asusv/appdata/roaming/code/user/globalstorage/bmd.stm32-for-vscode/@xpack-dev-tools/arm-none-eabi-gcc/12.2.1-1.2.1/.content/bin/../lib/gcc/arm-none-eabi/12.2.1/../../../../arm-none-eabi/lib/thumb/v6-m/nofp\libc_nano.a(libc_a-mlock.o)
                0x0000000008002578                __malloc_unlock
 .text.__ssputs_r
                0x0000000008002588       0xc0 c:/users/asusv/appdata/roaming/code/user/globalstorage/bmd.stm32-for-vscode/@xpack-dev-tools/arm-none-eabi-gcc/12.2.1-1.2.1/.content/bin/../lib/gcc/arm-none-eabi/12.2.1/../../../../arm-none-eabi/lib/thumb/v6-m/nofp\libc_nano.a(libc_a-nano-svfprintf.o)
                0x0000000008002588                __ssputs_r
 .text._svfprintf_r
                0x0000000008002648      0x1fc c:/users/asusv/appdata/roaming/code/user/globalstorage/bmd.stm32-for-vscode/@xpack-dev-tools/arm-none-eabi-gcc/12.2.1-1.2.1/.content/bin/../lib/gcc/arm-none-eabi/12.2.1/../../../../arm-none-eabi/lib/thumb/v6-m/nofp\libc_nano.a(libc_a-nano-svfprintf.o)
                0x0000000008002648                _svfiprintf_r
                0x0000000008002648                _svfprintf_r
 .text._printf_common
                0x0000000008002844       0xde c:/users/asusv/appdata/roaming/code/user/globalstorage/bmd.stm32-for-vscode/@xpack-dev-tools/arm-none-eabi-gcc/12.2.1-1.2.1/.content/bin/../lib/gcc/arm-none-eabi/12.2.1/../../../../arm-none-eabi/lib/thumb/v6-m/nofp\libc_nano.a(libc_a-nano-vfprintf_i.o)
                0x0000000008002844                _printf_common
 *fill*         0x0000000008002922        0x2 
 .text._printf_i
                0x0000000008002924      0x234 c:/users/asusv/appdata/roaming/code/user/globalstorage/bmd.stm32-for-vscode/@xpack-dev-tools/arm-none-eabi-gcc/12.2.1-1.2.1/.content/bin/../lib/gcc/arm-none-eabi/12.2.1/../../../../arm-none-eabi/lib/thumb/v6-m/nofp\libc_nano.a(libc_a-nano-vfprintf_i.o)
                0x0000000008002924                _printf_i
 .text.memmove  0x0000000008002b58       0x26 c:/users/asusv/appdata/roaming/code/user/globalstorage/bmd.stm32-for-vscode/@xpack-dev-tools/arm-none-eabi-gcc/12.2.1-1.2.1/.content/bin/../lib/gcc/arm-none-eabi/12.2.1/../../../../arm-none-eabi/lib/thumb/v6-m/nofp\libc_nano.a(libc_a-memmove.o)
                0x0000000008002b58                memmove
 *fill*         0x0000000008002b7e        0x2 
 .text._sbrk_r  0x0000000008002b80       0x24 c:/users/asusv/appdata/roaming/code/user/globalstorage/bmd.stm32-for-vscode/@xpack-dev-tools/arm-none-eabi-gcc/12.2.1-1.2.1/.content/bin/../lib/gcc/arm-none-eabi/12.2.1/../../../../arm-none-eabi/lib/thumb/v6-m/nofp\libc_nano.a(libc_a-sbrkr.o)
                0x0000000008002b80                _sbrk_r
 .text.memchr   0x0000000008002ba4       0x16 c:/users/asusv/appdata/roaming/code/user/globalstorage/bmd.stm32-for-vscode/@xpack-dev-tools/arm-none-eabi-gcc/12.2.1-1.2.1/.content/bin/../lib/gcc/arm-none-eabi/12.2.1/../../../../arm-none-eabi/lib/thumb/v6-m/nofp\libc_nano.a(libc_a-memchr-stub.o)
                0x0000000008002ba4                memchr
 .text.memcpy   0x0000000008002bba       0x12 c:/users/asusv/appdata/roaming/code/user/globalstorage/bmd.stm32-for-vscode/@xpack-dev-tools/arm-none-eabi-gcc/12.2.1-1.2.1/.content/bin/../lib/gcc/arm-none-eabi/12.2.1/../../../../arm-none-eabi/lib/thumb/v6-m/nofp\libc_nano.a(libc_a-memcpy-stub.o)
                0x0000000008002bba                memcpy
 .text._realloc_r
                0x0000000008002bcc       0x5e c:/users/asusv/appdata/roaming/code/user/globalstorage/bmd.stm32-for-vscode/@xpack-dev-tools/arm-none-eabi-gcc/12.2.1-1.2.1/.content/bin/../lib/gcc/arm-none-eabi/12.2.1/../../../../arm-none-eabi/lib/thumb/v6-m/nofp\libc_nano.a(libc_a-reallocr.o)
                0x0000000008002bcc                _realloc_r
 .text._malloc_usable_size_r
                0x0000000008002c2a       0x10 c:/users/asusv/appdata/roaming/code/user/globalstorage/bmd.stm32-for-vscode/@xpack-dev-tools/arm-none-eabi-gcc/12.2.1-1.2.1/.content/bin/../lib/gcc/arm-none-eabi/12.2.1/../../../../arm-none-eabi/lib/thumb/v6-m/nofp\libc_nano.a(libc_a-msizer.o)
                0x0000000008002c2a                _malloc_usable_size_r
 *fill*         0x0000000008002c3a        0x2 
 .text._sbrk    0x0000000008002c3c       0x1c c:/users/asusv/appdata/roaming/code/user/globalstorage/bmd.stm32-for-vscode/@xpack-dev-tools/arm-none-eabi-gcc/12.2.1-1.2.1/.content/bin/../lib/gcc/arm-none-eabi/12.2.1/../../../../arm-none-eabi/lib/thumb/v6-m/nofp\libnosys.a(sbrk.o)
                0x0000000008002c3c                _sbrk
 *(.glue_7)
 .glue_7        0x0000000008002c58        0x0 linker stubs
 *(.glue_7t)
 .glue_7t       0x0000000008002c58        0x0 linker stubs
 *(.eh_frame)
 .eh_frame      0x0000000008002c58        0x0 c:/users/asusv/appdata/roaming/code/user/globalstorage/bmd.stm32-for-vscode/@xpack-dev-tools/arm-none-eabi-gcc/12.2.1-1.2.1/.content/bin/../lib/gcc/arm-none-eabi/12.2.1/thumb/v6-m/nofp/crtbegin.o
 *(.init)
 .init          0x0000000008002c58        0x4 c:/users/asusv/appdata/roaming/code/user/globalstorage/bmd.stm32-for-vscode/@xpack-dev-tools/arm-none-eabi-gcc/12.2.1-1.2.1/.content/bin/../lib/gcc/arm-none-eabi/12.2.1/thumb/v6-m/nofp/crti.o
                0x0000000008002c58                _init
 .init          0x0000000008002c5c        0x8 c:/users/asusv/appdata/roaming/code/user/globalstorage/bmd.stm32-for-vscode/@xpack-dev-tools/arm-none-eabi-gcc/12.2.1-1.2.1/.content/bin/../lib/gcc/arm-none-eabi/12.2.1/thumb/v6-m/nofp/crtn.o
 *(.fini)
 .fini          0x0000000008002c64        0x4 c:/users/asusv/appdata/roaming/code/user/globalstorage/bmd.stm32-for-vscode/@xpack-dev-tools/arm-none-eabi-gcc/12.2.1-1.2.1/.content/bin/../lib/gcc/arm-none-eabi/12.2.1/thumb/v6-m/nofp/crti.o
                0x0000000008002c64                _fini
 .fini          0x0000000008002c68        0x8 c:/users/asusv/appdata/roaming/code/user/globalstorage/bmd.stm32-for-vscode/@xpack-dev-tools/arm-none-eabi-gcc/12.2.1-1.2.1/.content/bin/../lib/gcc/arm-none-eabi/12.2.1/thumb/v6-m/nofp/crtn.o
                0x0000000008002c70                . = ALIGN (0x4)
                0x0000000008002c70                _etext = .

.vfp11_veneer   0x0000000008002c70        0x0
 .vfp11_veneer  0x0000000008002c70        0x0 linker stubs

.v4_bx          0x0000000008002c70        0x0
 .v4_bx         0x0000000008002c70        0x0 linker stubs

.iplt           0x0000000008002c70        0x0
 .iplt          0x0000000008002c70        0x0 c:/users/asusv/appdata/roaming/code/user/globalstorage/bmd.stm32-for-vscode/@xpack-dev-tools/arm-none-eabi-gcc/12.2.1-1.2.1/.content/bin/../lib/gcc/arm-none-eabi/12.2.1/thumb/v6-m/nofp/crtbegin.o

.rodata         0x0000000008002c70       0x54
                0x0000000008002c70                . = ALIGN (0x4)
 *(.rodata)
 *(.rodata*)
 .rodata.writeLCD.str1.4
                0x0000000008002c70        0xd build/debug/Core/Src/main.o
 *fill*         0x0000000008002c7d        0x3 
 .rodata.TIM16_IRQHandler.str1.4
                0x0000000008002c80        0xf build/debug/Core/Src/main.o
 .rodata._svfprintf_r.str1.1
                0x0000000008002c8f       0x11 c:/users/asusv/appdata/roaming/code/user/globalstorage/bmd.stm32-for-vscode/@xpack-dev-tools/arm-none-eabi-gcc/12.2.1-1.2.1/.content/bin/../lib/gcc/arm-none-eabi/12.2.1/../../../../arm-none-eabi/lib/thumb/v6-m/nofp\libc_nano.a(libc_a-nano-svfprintf.o)
 .rodata._printf_i.str1.1
                0x0000000008002ca0       0x22 c:/users/asusv/appdata/roaming/code/user/globalstorage/bmd.stm32-for-vscode/@xpack-dev-tools/arm-none-eabi-gcc/12.2.1-1.2.1/.content/bin/../lib/gcc/arm-none-eabi/12.2.1/../../../../arm-none-eabi/lib/thumb/v6-m/nofp\libc_nano.a(libc_a-nano-vfprintf_i.o)
                0x0000000008002cc4                . = ALIGN (0x4)
 *fill*         0x0000000008002cc2        0x2 

.rel.dyn        0x0000000008002cc4        0x0
 .rel.iplt      0x0000000008002cc4        0x0 c:/users/asusv/appdata/roaming/code/user/globalstorage/bmd.stm32-for-vscode/@xpack-dev-tools/arm-none-eabi-gcc/12.2.1-1.2.1/.content/bin/../lib/gcc/arm-none-eabi/12.2.1/thumb/v6-m/nofp/crtbegin.o

.ARM.extab      0x0000000008002cc4        0x0
                0x0000000008002cc4                . = ALIGN (0x4)
 *(.ARM.extab* .gnu.linkonce.armextab.*)
                0x0000000008002cc4                . = ALIGN (0x4)

.ARM            0x0000000008002cc4        0x0
                0x0000000008002cc4                . = ALIGN (0x4)
                0x0000000008002cc4                __exidx_start = .
 *(.ARM.exidx*)
                0x0000000008002cc4                __exidx_end = .
                0x0000000008002cc4                . = ALIGN (0x4)

.preinit_array  0x0000000008002cc4        0x0
                0x0000000008002cc4                . = ALIGN (0x4)
                0x0000000008002cc4                PROVIDE (__preinit_array_start = .)
 *(.preinit_array*)
                0x0000000008002cc4                PROVIDE (__preinit_array_end = .)
                0x0000000008002cc4                . = ALIGN (0x4)

.init_array     0x0000000008002cc4        0x4
                0x0000000008002cc4                . = ALIGN (0x4)
                0x0000000008002cc4                PROVIDE (__init_array_start = .)
 *(SORT_BY_NAME(.init_array.*))
 *(.init_array*)
 .init_array    0x0000000008002cc4        0x4 c:/users/asusv/appdata/roaming/code/user/globalstorage/bmd.stm32-for-vscode/@xpack-dev-tools/arm-none-eabi-gcc/12.2.1-1.2.1/.content/bin/../lib/gcc/arm-none-eabi/12.2.1/thumb/v6-m/nofp/crtbegin.o
                0x0000000008002cc8                PROVIDE (__init_array_end = .)
                0x0000000008002cc8                . = ALIGN (0x4)

.fini_array     0x0000000008002cc8        0x4
                0x0000000008002cc8                . = ALIGN (0x4)
                0x0000000008002cc8                PROVIDE (__fini_array_start = .)
 *(SORT_BY_NAME(.fini_array.*))
 *(.fini_array*)
 .fini_array    0x0000000008002cc8        0x4 c:/users/asusv/appdata/roaming/code/user/globalstorage/bmd.stm32-for-vscode/@xpack-dev-tools/arm-none-eabi-gcc/12.2.1-1.2.1/.content/bin/../lib/gcc/arm-none-eabi/12.2.1/thumb/v6-m/nofp/crtbegin.o
                0x0000000008002ccc                PROVIDE (__fini_array_end = .)
                0x0000000008002ccc                . = ALIGN (0x4)
                0x0000000008002ccc                _sidata = LOADADDR (.data)

.data           0x0000000020000000       0x68 load address 0x0000000008002ccc
                0x0000000020000000                . = ALIGN (0x4)
                0x0000000020000000                _sdata = .
 *(.data)
 *(.data*)
 .data.data     0x0000000020000000        0x6 build/debug/Core/Src/main.o
                0x0000000020000000                data
 *fill*         0x0000000020000006        0x2 
 .data.delay_led
                0x0000000020000008        0x4 build/debug/Core/Src/main.o
                0x0000000020000008                delay_led
 .data.SystemCoreClock
                0x000000002000000c        0x4 build/debug/Core/Src/system_stm32f0xx.o
                0x000000002000000c                SystemCoreClock
 .data.uwTickFreq
                0x0000000020000010        0x1 build/debug/Drivers/STM32F0xx_HAL_Driver/Src/stm32f0xx_hal.o
                0x0000000020000010                uwTickFreq
 *fill*         0x0000000020000011        0x3 
 .data.uwTickPrio
                0x0000000020000014        0x4 build/debug/Drivers/STM32F0xx_HAL_Driver/Src/stm32f0xx_hal.o
                0x0000000020000014                uwTickPrio
 .data._impure_ptr
                0x0000000020000018        0x4 c:/users/asusv/appdata/roaming/code/user/globalstorage/bmd.stm32-for-vscode/@xpack-dev-tools/arm-none-eabi-gcc/12.2.1-1.2.1/.content/bin/../lib/gcc/arm-none-eabi/12.2.1/../../../../arm-none-eabi/lib/thumb/v6-m/nofp\libc_nano.a(libc_a-impure.o)
                0x0000000020000018                _impure_ptr
 .data._impure_data
                0x000000002000001c       0x4c c:/users/asusv/appdata/roaming/code/user/globalstorage/bmd.stm32-for-vscode/@xpack-dev-tools/arm-none-eabi-gcc/12.2.1-1.2.1/.content/bin/../lib/gcc/arm-none-eabi/12.2.1/../../../../arm-none-eabi/lib/thumb/v6-m/nofp\libc_nano.a(libc_a-impure.o)
                0x000000002000001c                _impure_data
 *(.RamFunc)
 *(.RamFunc*)
                0x0000000020000068                . = ALIGN (0x4)
                0x0000000020000068                _edata = .

.igot.plt       0x0000000020000068        0x0 load address 0x0000000008002d34
 .igot.plt      0x0000000020000068        0x0 c:/users/asusv/appdata/roaming/code/user/globalstorage/bmd.stm32-for-vscode/@xpack-dev-tools/arm-none-eabi-gcc/12.2.1-1.2.1/.content/bin/../lib/gcc/arm-none-eabi/12.2.1/thumb/v6-m/nofp/crtbegin.o
                0x0000000020000068                . = ALIGN (0x4)

.bss            0x0000000020000068      0x294 load address 0x0000000008002d34
                0x0000000020000068                _sbss = .
                0x0000000020000068                __bss_start__ = _sbss
 *(.bss)
 *(.bss*)
 .bss.completed.1
                0x0000000020000068        0x1 c:/users/asusv/appdata/roaming/code/user/globalstorage/bmd.stm32-for-vscode/@xpack-dev-tools/arm-none-eabi-gcc/12.2.1-1.2.1/.content/bin/../lib/gcc/arm-none-eabi/12.2.1/thumb/v6-m/nofp/crtbegin.o
 *fill*         0x0000000020000069        0x3 
 .bss.object.0  0x000000002000006c       0x18 c:/users/asusv/appdata/roaming/code/user/globalstorage/bmd.stm32-for-vscode/@xpack-dev-tools/arm-none-eabi-gcc/12.2.1-1.2.1/.content/bin/../lib/gcc/arm-none-eabi/12.2.1/thumb/v6-m/nofp/crtbegin.o
 .bss.adc_val   0x0000000020000084        0x4 build/debug/Core/Src/main.o
                0x0000000020000084                adc_val
 .bss.address   0x0000000020000088        0x2 build/debug/Core/Src/main.o
                0x0000000020000088                address
 *fill*         0x000000002000008a        0x2 
 .bss.prev_time
                0x000000002000008c        0x4 build/debug/Core/Src/main.o
                0x000000002000008c                prev_time
 .bss.current_time
                0x0000000020000090        0x4 build/debug/Core/Src/main.o
                0x0000000020000090                current_time
 .bss.htim16    0x0000000020000094       0x48 build/debug/Core/Src/main.o
                0x0000000020000094                htim16
 .bss.htim6     0x00000000200000dc       0x48 build/debug/Core/Src/main.o
                0x00000000200000dc                htim6
 .bss.htim3     0x0000000020000124       0x48 build/debug/Core/Src/main.o
                0x0000000020000124                htim3
 .bss.hadc      0x000000002000016c       0x40 build/debug/Core/Src/main.o
                0x000000002000016c                hadc
 .bss.uwTick    0x00000000200001ac        0x4 build/debug/Drivers/STM32F0xx_HAL_Driver/Src/stm32f0xx_hal.o
                0x00000000200001ac                uwTick
 .bss.__sf      0x00000000200001b0      0x138 c:/users/asusv/appdata/roaming/code/user/globalstorage/bmd.stm32-for-vscode/@xpack-dev-tools/arm-none-eabi-gcc/12.2.1-1.2.1/.content/bin/../lib/gcc/arm-none-eabi/12.2.1/../../../../arm-none-eabi/lib/thumb/v6-m/nofp\libc_nano.a(libc_a-findfp.o)
                0x00000000200001b0                __sf
 .bss.errno     0x00000000200002e8        0x4 c:/users/asusv/appdata/roaming/code/user/globalstorage/bmd.stm32-for-vscode/@xpack-dev-tools/arm-none-eabi-gcc/12.2.1-1.2.1/.content/bin/../lib/gcc/arm-none-eabi/12.2.1/../../../../arm-none-eabi/lib/thumb/v6-m/nofp\libc_nano.a(libc_a-reent.o)
                0x00000000200002e8                errno
 .bss.__lock___malloc_recursive_mutex
                0x00000000200002ec        0x1 c:/users/asusv/appdata/roaming/code/user/globalstorage/bmd.stm32-for-vscode/@xpack-dev-tools/arm-none-eabi-gcc/12.2.1-1.2.1/.content/bin/../lib/gcc/arm-none-eabi/12.2.1/../../../../arm-none-eabi/lib/thumb/v6-m/nofp\libc_nano.a(libc_a-lock.o)
                0x00000000200002ec                __lock___malloc_recursive_mutex
 *fill*         0x00000000200002ed        0x3 
 .bss.__malloc_sbrk_start
                0x00000000200002f0        0x4 c:/users/asusv/appdata/roaming/code/user/globalstorage/bmd.stm32-for-vscode/@xpack-dev-tools/arm-none-eabi-gcc/12.2.1-1.2.1/.content/bin/../lib/gcc/arm-none-eabi/12.2.1/../../../../arm-none-eabi/lib/thumb/v6-m/nofp\libc_nano.a(libc_a-mallocr.o)
                0x00000000200002f0                __malloc_sbrk_start
 .bss.__malloc_free_list
                0x00000000200002f4        0x4 c:/users/asusv/appdata/roaming/code/user/globalstorage/bmd.stm32-for-vscode/@xpack-dev-tools/arm-none-eabi-gcc/12.2.1-1.2.1/.content/bin/../lib/gcc/arm-none-eabi/12.2.1/../../../../arm-none-eabi/lib/thumb/v6-m/nofp\libc_nano.a(libc_a-mallocr.o)
                0x00000000200002f4                __malloc_free_list
 .bss.heap_end.0
                0x00000000200002f8        0x4 c:/users/asusv/appdata/roaming/code/user/globalstorage/bmd.stm32-for-vscode/@xpack-dev-tools/arm-none-eabi-gcc/12.2.1-1.2.1/.content/bin/../lib/gcc/arm-none-eabi/12.2.1/../../../../arm-none-eabi/lib/thumb/v6-m/nofp\libnosys.a(sbrk.o)
 *(COMMON)
                0x00000000200002fc                . = ALIGN (0x4)
                0x00000000200002fc                _ebss = .
                0x00000000200002fc                __bss_end__ = _ebss

._user_heap_stack
                0x00000000200002fc      0x604 load address 0x0000000008002d34
                0x0000000020000300                . = ALIGN (0x8)
 *fill*         0x00000000200002fc        0x4 
                0x0000000020000300                PROVIDE (end = .)
                [!provide]                        PROVIDE (_end = .)
                0x0000000020000500                . = (. + _Min_Heap_Size)
 *fill*         0x0000000020000300      0x200 
                0x0000000020000900                . = (. + _Min_Stack_Size)
 *fill*         0x0000000020000500      0x400 
                0x0000000020000900                . = ALIGN (0x8)

/DISCARD/
 libc.a(*)
 libm.a(*)
 libgcc.a(*)

.ARM.attributes
                0x0000000000000000       0x28
 *(.ARM.attributes)
 .ARM.attributes
                0x0000000000000000       0x1e c:/users/asusv/appdata/roaming/code/user/globalstorage/bmd.stm32-for-vscode/@xpack-dev-tools/arm-none-eabi-gcc/12.2.1-1.2.1/.content/bin/../lib/gcc/arm-none-eabi/12.2.1/thumb/v6-m/nofp/crti.o
 .ARM.attributes
                0x000000000000001e       0x2c c:/users/asusv/appdata/roaming/code/user/globalstorage/bmd.stm32-for-vscode/@xpack-dev-tools/arm-none-eabi-gcc/12.2.1-1.2.1/.content/bin/../lib/gcc/arm-none-eabi/12.2.1/thumb/v6-m/nofp/crtbegin.o
 .ARM.attributes
                0x000000000000004a       0x2c build/debug/Core/Src/main.o
 .ARM.attributes
                0x0000000000000076       0x2c build/debug/Core/Src/stm32f0xx_hal_msp.o
 .ARM.attributes
                0x00000000000000a2       0x2c build/debug/Core/Src/stm32f0xx_it.o
 .ARM.attributes
                0x00000000000000ce       0x2c build/debug/Core/Src/system_stm32f0xx.o
 .ARM.attributes
                0x00000000000000fa       0x2c build/debug/Drivers/STM32F0xx_HAL_Driver/Src/stm32f0xx_hal.o
 .ARM.attributes
                0x0000000000000126       0x2c build/debug/Drivers/STM32F0xx_HAL_Driver/Src/stm32f0xx_hal_adc.o
 .ARM.attributes
                0x0000000000000152       0x2c build/debug/Drivers/STM32F0xx_HAL_Driver/Src/stm32f0xx_hal_cortex.o
 .ARM.attributes
                0x000000000000017e       0x2c build/debug/Drivers/STM32F0xx_HAL_Driver/Src/stm32f0xx_hal_gpio.o
 .ARM.attributes
                0x00000000000001aa       0x2c build/debug/Drivers/STM32F0xx_HAL_Driver/Src/stm32f0xx_hal_tim.o
 .ARM.attributes
                0x00000000000001d6       0x2c build/debug/Drivers/STM32F0xx_HAL_Driver/Src/stm32f0xx_hal_tim_ex.o
 .ARM.attributes
                0x0000000000000202       0x2c build/debug/Drivers/STM32F0xx_HAL_Driver/Src/stm32f0xx_ll_exti.o
 .ARM.attributes
                0x000000000000022e       0x2c build/debug/Drivers/STM32F0xx_HAL_Driver/Src/stm32f0xx_ll_gpio.o
 .ARM.attributes
                0x000000000000025a       0x2c build/debug/Drivers/STM32F0xx_HAL_Driver/Src/stm32f0xx_ll_utils.o
 .ARM.attributes
                0x0000000000000286       0x21 build/debug/startup_stm32f051x8.o
 .ARM.attributes
                0x00000000000002a7       0x2c c:/users/asusv/appdata/roaming/code/user/globalstorage/bmd.stm32-for-vscode/@xpack-dev-tools/arm-none-eabi-gcc/12.2.1-1.2.1/.content/bin/../lib/gcc/arm-none-eabi/12.2.1/../../../../arm-none-eabi/lib/thumb/v6-m/nofp\libc_nano.a(libc_a-findfp.o)
 .ARM.attributes
                0x00000000000002d3       0x2c c:/users/asusv/appdata/roaming/code/user/globalstorage/bmd.stm32-for-vscode/@xpack-dev-tools/arm-none-eabi-gcc/12.2.1-1.2.1/.content/bin/../lib/gcc/arm-none-eabi/12.2.1/../../../../arm-none-eabi/lib/thumb/v6-m/nofp\libc_nano.a(libc_a-snprintf.o)
 .ARM.attributes
                0x00000000000002ff       0x2c c:/users/asusv/appdata/roaming/code/user/globalstorage/bmd.stm32-for-vscode/@xpack-dev-tools/arm-none-eabi-gcc/12.2.1-1.2.1/.content/bin/../lib/gcc/arm-none-eabi/12.2.1/../../../../arm-none-eabi/lib/thumb/v6-m/nofp\libc_nano.a(libc_a-memset.o)
 .ARM.attributes
                0x000000000000032b       0x2c c:/users/asusv/appdata/roaming/code/user/globalstorage/bmd.stm32-for-vscode/@xpack-dev-tools/arm-none-eabi-gcc/12.2.1-1.2.1/.content/bin/../lib/gcc/arm-none-eabi/12.2.1/../../../../arm-none-eabi/lib/thumb/v6-m/nofp\libc_nano.a(libc_a-reent.o)
 .ARM.attributes
                0x0000000000000357       0x2c c:/users/asusv/appdata/roaming/code/user/globalstorage/bmd.stm32-for-vscode/@xpack-dev-tools/arm-none-eabi-gcc/12.2.1-1.2.1/.content/bin/../lib/gcc/arm-none-eabi/12.2.1/../../../../arm-none-eabi/lib/thumb/v6-m/nofp\libc_nano.a(libc_a-impure.o)
 .ARM.attributes
                0x0000000000000383       0x2c c:/users/asusv/appdata/roaming/code/user/globalstorage/bmd.stm32-for-vscode/@xpack-dev-tools/arm-none-eabi-gcc/12.2.1-1.2.1/.content/bin/../lib/gcc/arm-none-eabi/12.2.1/../../../../arm-none-eabi/lib/thumb/v6-m/nofp\libc_nano.a(libc_a-init.o)
 .ARM.attributes
                0x00000000000003af       0x2c c:/users/asusv/appdata/roaming/code/user/globalstorage/bmd.stm32-for-vscode/@xpack-dev-tools/arm-none-eabi-gcc/12.2.1-1.2.1/.content/bin/../lib/gcc/arm-none-eabi/12.2.1/../../../../arm-none-eabi/lib/thumb/v6-m/nofp\libc_nano.a(libc_a-lock.o)
 .ARM.attributes
                0x00000000000003db       0x2c c:/users/asusv/appdata/roaming/code/user/globalstorage/bmd.stm32-for-vscode/@xpack-dev-tools/arm-none-eabi-gcc/12.2.1-1.2.1/.content/bin/../lib/gcc/arm-none-eabi/12.2.1/../../../../arm-none-eabi/lib/thumb/v6-m/nofp\libc_nano.a(libc_a-freer.o)
 .ARM.attributes
                0x0000000000000407       0x2c c:/users/asusv/appdata/roaming/code/user/globalstorage/bmd.stm32-for-vscode/@xpack-dev-tools/arm-none-eabi-gcc/12.2.1-1.2.1/.content/bin/../lib/gcc/arm-none-eabi/12.2.1/../../../../arm-none-eabi/lib/thumb/v6-m/nofp\libc_nano.a(libc_a-mallocr.o)
 .ARM.attributes
                0x0000000000000433       0x2c c:/users/asusv/appdata/roaming/code/user/globalstorage/bmd.stm32-for-vscode/@xpack-dev-tools/arm-none-eabi-gcc/12.2.1-1.2.1/.content/bin/../lib/gcc/arm-none-eabi/12.2.1/../../../../arm-none-eabi/lib/thumb/v6-m/nofp\libc_nano.a(libc_a-mlock.o)
 .ARM.attributes
                0x000000000000045f       0x2c c:/users/asusv/appdata/roaming/code/user/globalstorage/bmd.stm32-for-vscode/@xpack-dev-tools/arm-none-eabi-gcc/12.2.1-1.2.1/.content/bin/../lib/gcc/arm-none-eabi/12.2.1/../../../../arm-none-eabi/lib/thumb/v6-m/nofp\libc_nano.a(libc_a-nano-svfprintf.o)
 .ARM.attributes
                0x000000000000048b       0x2c c:/users/asusv/appdata/roaming/code/user/globalstorage/bmd.stm32-for-vscode/@xpack-dev-tools/arm-none-eabi-gcc/12.2.1-1.2.1/.content/bin/../lib/gcc/arm-none-eabi/12.2.1/../../../../arm-none-eabi/lib/thumb/v6-m/nofp\libc_nano.a(libc_a-nano-vfprintf_i.o)
 .ARM.attributes
                0x00000000000004b7       0x2c c:/users/asusv/appdata/roaming/code/user/globalstorage/bmd.stm32-for-vscode/@xpack-dev-tools/arm-none-eabi-gcc/12.2.1-1.2.1/.content/bin/../lib/gcc/arm-none-eabi/12.2.1/../../../../arm-none-eabi/lib/thumb/v6-m/nofp\libc_nano.a(libc_a-memmove.o)
 .ARM.attributes
                0x00000000000004e3       0x2c c:/users/asusv/appdata/roaming/code/user/globalstorage/bmd.stm32-for-vscode/@xpack-dev-tools/arm-none-eabi-gcc/12.2.1-1.2.1/.content/bin/../lib/gcc/arm-none-eabi/12.2.1/../../../../arm-none-eabi/lib/thumb/v6-m/nofp\libc_nano.a(libc_a-sbrkr.o)
 .ARM.attributes
                0x000000000000050f       0x2c c:/users/asusv/appdata/roaming/code/user/globalstorage/bmd.stm32-for-vscode/@xpack-dev-tools/arm-none-eabi-gcc/12.2.1-1.2.1/.content/bin/../lib/gcc/arm-none-eabi/12.2.1/../../../../arm-none-eabi/lib/thumb/v6-m/nofp\libc_nano.a(libc_a-memchr-stub.o)
 .ARM.attributes
                0x000000000000053b       0x2c c:/users/asusv/appdata/roaming/code/user/globalstorage/bmd.stm32-for-vscode/@xpack-dev-tools/arm-none-eabi-gcc/12.2.1-1.2.1/.content/bin/../lib/gcc/arm-none-eabi/12.2.1/../../../../arm-none-eabi/lib/thumb/v6-m/nofp\libc_nano.a(libc_a-memcpy-stub.o)
 .ARM.attributes
                0x0000000000000567       0x2c c:/users/asusv/appdata/roaming/code/user/globalstorage/bmd.stm32-for-vscode/@xpack-dev-tools/arm-none-eabi-gcc/12.2.1-1.2.1/.content/bin/../lib/gcc/arm-none-eabi/12.2.1/../../../../arm-none-eabi/lib/thumb/v6-m/nofp\libc_nano.a(libc_a-reallocr.o)
 .ARM.attributes
                0x0000000000000593       0x2c c:/users/asusv/appdata/roaming/code/user/globalstorage/bmd.stm32-for-vscode/@xpack-dev-tools/arm-none-eabi-gcc/12.2.1-1.2.1/.content/bin/../lib/gcc/arm-none-eabi/12.2.1/../../../../arm-none-eabi/lib/thumb/v6-m/nofp\libc_nano.a(libc_a-msizer.o)
 .ARM.attributes
                0x00000000000005bf       0x2c c:/users/asusv/appdata/roaming/code/user/globalstorage/bmd.stm32-for-vscode/@xpack-dev-tools/arm-none-eabi-gcc/12.2.1-1.2.1/.content/bin/../lib/gcc/arm-none-eabi/12.2.1/../../../../arm-none-eabi/lib/thumb/v6-m/nofp\libnosys.a(sbrk.o)
 .ARM.attributes
                0x00000000000005eb       0x1e c:/users/asusv/appdata/roaming/code/user/globalstorage/bmd.stm32-for-vscode/@xpack-dev-tools/arm-none-eabi-gcc/12.2.1-1.2.1/.content/bin/../lib/gcc/arm-none-eabi/12.2.1/thumb/v6-m/nofp\libgcc.a(_thumb1_case_shi.o)
 .ARM.attributes
                0x0000000000000609       0x1e c:/users/asusv/appdata/roaming/code/user/globalstorage/bmd.stm32-for-vscode/@xpack-dev-tools/arm-none-eabi-gcc/12.2.1-1.2.1/.content/bin/../lib/gcc/arm-none-eabi/12.2.1/thumb/v6-m/nofp\libgcc.a(_udivsi3.o)
 .ARM.attributes
                0x0000000000000627       0x1e c:/users/asusv/appdata/roaming/code/user/globalstorage/bmd.stm32-for-vscode/@xpack-dev-tools/arm-none-eabi-gcc/12.2.1-1.2.1/.content/bin/../lib/gcc/arm-none-eabi/12.2.1/thumb/v6-m/nofp\libgcc.a(_dvmd_tls.o)
 .ARM.attributes
                0x0000000000000645       0x1e c:/users/asusv/appdata/roaming/code/user/globalstorage/bmd.stm32-for-vscode/@xpack-dev-tools/arm-none-eabi-gcc/12.2.1-1.2.1/.content/bin/../lib/gcc/arm-none-eabi/12.2.1/thumb/v6-m/nofp/crtn.o
OUTPUT(build/EEE2046Prac.elf elf32-littlearm)
LOAD linker stubs
LOAD c:/users/asusv/appdata/roaming/code/user/globalstorage/bmd.stm32-for-vscode/@xpack-dev-tools/arm-none-eabi-gcc/12.2.1-1.2.1/.content/bin/../lib/gcc/arm-none-eabi/12.2.1/../../../../arm-none-eabi/lib/thumb/v6-m/nofp\libc.a
LOAD c:/users/asusv/appdata/roaming/code/user/globalstorage/bmd.stm32-for-vscode/@xpack-dev-tools/arm-none-eabi-gcc/12.2.1-1.2.1/.content/bin/../lib/gcc/arm-none-eabi/12.2.1/../../../../arm-none-eabi/lib/thumb/v6-m/nofp\libm.a
LOAD c:/users/asusv/appdata/roaming/code/user/globalstorage/bmd.stm32-for-vscode/@xpack-dev-tools/arm-none-eabi-gcc/12.2.1-1.2.1/.content/bin/../lib/gcc/arm-none-eabi/12.2.1/thumb/v6-m/nofp\libgcc.a

.comment        0x0000000000000000       0x39
 .comment       0x0000000000000000       0x39 c:/users/asusv/appdata/roaming/code/user/globalstorage/bmd.stm32-for-vscode/@xpack-dev-tools/arm-none-eabi-gcc/12.2.1-1.2.1/.content/bin/../lib/gcc/arm-none-eabi/12.2.1/thumb/v6-m/nofp/crtbegin.o
                                         0x3a (size before relaxing)
 .comment       0x0000000000000039       0x3a build/debug/Core/Src/main.o
 .comment       0x0000000000000039       0x3a build/debug/Core/Src/stm32f0xx_hal_msp.o
 .comment       0x0000000000000039       0x3a build/debug/Core/Src/stm32f0xx_it.o
 .comment       0x0000000000000039       0x3a build/debug/Core/Src/system_stm32f0xx.o
 .comment       0x0000000000000039       0x3a build/debug/Drivers/STM32F0xx_HAL_Driver/Src/stm32f0xx_hal.o
 .comment       0x0000000000000039       0x3a build/debug/Drivers/STM32F0xx_HAL_Driver/Src/stm32f0xx_hal_adc.o
 .comment       0x0000000000000039       0x3a build/debug/Drivers/STM32F0xx_HAL_Driver/Src/stm32f0xx_hal_cortex.o
 .comment       0x0000000000000039       0x3a build/debug/Drivers/STM32F0xx_HAL_Driver/Src/stm32f0xx_hal_gpio.o
 .comment       0x0000000000000039       0x3a build/debug/Drivers/STM32F0xx_HAL_Driver/Src/stm32f0xx_hal_tim.o
 .comment       0x0000000000000039       0x3a build/debug/Drivers/STM32F0xx_HAL_Driver/Src/stm32f0xx_hal_tim_ex.o
 .comment       0x0000000000000039       0x3a build/debug/Drivers/STM32F0xx_HAL_Driver/Src/stm32f0xx_ll_exti.o
 .comment       0x0000000000000039       0x3a build/debug/Drivers/STM32F0xx_HAL_Driver/Src/stm32f0xx_ll_gpio.o
 .comment       0x0000000000000039       0x3a build/debug/Drivers/STM32F0xx_HAL_Driver/Src/stm32f0xx_ll_utils.o
 .comment       0x0000000000000039       0x3a c:/users/asusv/appdata/roaming/code/user/globalstorage/bmd.stm32-for-vscode/@xpack-dev-tools/arm-none-eabi-gcc/12.2.1-1.2.1/.content/bin/../lib/gcc/arm-none-eabi/12.2.1/../../../../arm-none-eabi/lib/thumb/v6-m/nofp\libc_nano.a(libc_a-findfp.o)
 .comment       0x0000000000000039       0x3a c:/users/asusv/appdata/roaming/code/user/globalstorage/bmd.stm32-for-vscode/@xpack-dev-tools/arm-none-eabi-gcc/12.2.1-1.2.1/.content/bin/../lib/gcc/arm-none-eabi/12.2.1/../../../../arm-none-eabi/lib/thumb/v6-m/nofp\libc_nano.a(libc_a-snprintf.o)
 .comment       0x0000000000000039       0x3a c:/users/asusv/appdata/roaming/code/user/globalstorage/bmd.stm32-for-vscode/@xpack-dev-tools/arm-none-eabi-gcc/12.2.1-1.2.1/.content/bin/../lib/gcc/arm-none-eabi/12.2.1/../../../../arm-none-eabi/lib/thumb/v6-m/nofp\libc_nano.a(libc_a-memset.o)
 .comment       0x0000000000000039       0x3a c:/users/asusv/appdata/roaming/code/user/globalstorage/bmd.stm32-for-vscode/@xpack-dev-tools/arm-none-eabi-gcc/12.2.1-1.2.1/.content/bin/../lib/gcc/arm-none-eabi/12.2.1/../../../../arm-none-eabi/lib/thumb/v6-m/nofp\libc_nano.a(libc_a-reent.o)
 .comment       0x0000000000000039       0x3a c:/users/asusv/appdata/roaming/code/user/globalstorage/bmd.stm32-for-vscode/@xpack-dev-tools/arm-none-eabi-gcc/12.2.1-1.2.1/.content/bin/../lib/gcc/arm-none-eabi/12.2.1/../../../../arm-none-eabi/lib/thumb/v6-m/nofp\libc_nano.a(libc_a-impure.o)
 .comment       0x0000000000000039       0x3a c:/users/asusv/appdata/roaming/code/user/globalstorage/bmd.stm32-for-vscode/@xpack-dev-tools/arm-none-eabi-gcc/12.2.1-1.2.1/.content/bin/../lib/gcc/arm-none-eabi/12.2.1/../../../../arm-none-eabi/lib/thumb/v6-m/nofp\libc_nano.a(libc_a-init.o)
 .comment       0x0000000000000039       0x3a c:/users/asusv/appdata/roaming/code/user/globalstorage/bmd.stm32-for-vscode/@xpack-dev-tools/arm-none-eabi-gcc/12.2.1-1.2.1/.content/bin/../lib/gcc/arm-none-eabi/12.2.1/../../../../arm-none-eabi/lib/thumb/v6-m/nofp\libc_nano.a(libc_a-lock.o)
 .comment       0x0000000000000039       0x3a c:/users/asusv/appdata/roaming/code/user/globalstorage/bmd.stm32-for-vscode/@xpack-dev-tools/arm-none-eabi-gcc/12.2.1-1.2.1/.content/bin/../lib/gcc/arm-none-eabi/12.2.1/../../../../arm-none-eabi/lib/thumb/v6-m/nofp\libc_nano.a(libc_a-freer.o)
 .comment       0x0000000000000039       0x3a c:/users/asusv/appdata/roaming/code/user/globalstorage/bmd.stm32-for-vscode/@xpack-dev-tools/arm-none-eabi-gcc/12.2.1-1.2.1/.content/bin/../lib/gcc/arm-none-eabi/12.2.1/../../../../arm-none-eabi/lib/thumb/v6-m/nofp\libc_nano.a(libc_a-mallocr.o)
 .comment       0x0000000000000039       0x3a c:/users/asusv/appdata/roaming/code/user/globalstorage/bmd.stm32-for-vscode/@xpack-dev-tools/arm-none-eabi-gcc/12.2.1-1.2.1/.content/bin/../lib/gcc/arm-none-eabi/12.2.1/../../../../arm-none-eabi/lib/thumb/v6-m/nofp\libc_nano.a(libc_a-mlock.o)
 .comment       0x0000000000000039       0x3a c:/users/asusv/appdata/roaming/code/user/globalstorage/bmd.stm32-for-vscode/@xpack-dev-tools/arm-none-eabi-gcc/12.2.1-1.2.1/.content/bin/../lib/gcc/arm-none-eabi/12.2.1/../../../../arm-none-eabi/lib/thumb/v6-m/nofp\libc_nano.a(libc_a-nano-svfprintf.o)
 .comment       0x0000000000000039       0x3a c:/users/asusv/appdata/roaming/code/user/globalstorage/bmd.stm32-for-vscode/@xpack-dev-tools/arm-none-eabi-gcc/12.2.1-1.2.1/.content/bin/../lib/gcc/arm-none-eabi/12.2.1/../../../../arm-none-eabi/lib/thumb/v6-m/nofp\libc_nano.a(libc_a-nano-vfprintf_i.o)
 .comment       0x0000000000000039       0x3a c:/users/asusv/appdata/roaming/code/user/globalstorage/bmd.stm32-for-vscode/@xpack-dev-tools/arm-none-eabi-gcc/12.2.1-1.2.1/.content/bin/../lib/gcc/arm-none-eabi/12.2.1/../../../../arm-none-eabi/lib/thumb/v6-m/nofp\libc_nano.a(libc_a-memmove.o)
 .comment       0x0000000000000039       0x3a c:/users/asusv/appdata/roaming/code/user/globalstorage/bmd.stm32-for-vscode/@xpack-dev-tools/arm-none-eabi-gcc/12.2.1-1.2.1/.content/bin/../lib/gcc/arm-none-eabi/12.2.1/../../../../arm-none-eabi/lib/thumb/v6-m/nofp\libc_nano.a(libc_a-sbrkr.o)
 .comment       0x0000000000000039       0x3a c:/users/asusv/appdata/roaming/code/user/globalstorage/bmd.stm32-for-vscode/@xpack-dev-tools/arm-none-eabi-gcc/12.2.1-1.2.1/.content/bin/../lib/gcc/arm-none-eabi/12.2.1/../../../../arm-none-eabi/lib/thumb/v6-m/nofp\libc_nano.a(libc_a-memchr-stub.o)
 .comment       0x0000000000000039       0x3a c:/users/asusv/appdata/roaming/code/user/globalstorage/bmd.stm32-for-vscode/@xpack-dev-tools/arm-none-eabi-gcc/12.2.1-1.2.1/.content/bin/../lib/gcc/arm-none-eabi/12.2.1/../../../../arm-none-eabi/lib/thumb/v6-m/nofp\libc_nano.a(libc_a-memcpy-stub.o)
 .comment       0x0000000000000039       0x3a c:/users/asusv/appdata/roaming/code/user/globalstorage/bmd.stm32-for-vscode/@xpack-dev-tools/arm-none-eabi-gcc/12.2.1-1.2.1/.content/bin/../lib/gcc/arm-none-eabi/12.2.1/../../../../arm-none-eabi/lib/thumb/v6-m/nofp\libc_nano.a(libc_a-reallocr.o)
 .comment       0x0000000000000039       0x3a c:/users/asusv/appdata/roaming/code/user/globalstorage/bmd.stm32-for-vscode/@xpack-dev-tools/arm-none-eabi-gcc/12.2.1-1.2.1/.content/bin/../lib/gcc/arm-none-eabi/12.2.1/../../../../arm-none-eabi/lib/thumb/v6-m/nofp\libc_nano.a(libc_a-msizer.o)
 .comment       0x0000000000000039       0x3a c:/users/asusv/appdata/roaming/code/user/globalstorage/bmd.stm32-for-vscode/@xpack-dev-tools/arm-none-eabi-gcc/12.2.1-1.2.1/.content/bin/../lib/gcc/arm-none-eabi/12.2.1/../../../../arm-none-eabi/lib/thumb/v6-m/nofp\libnosys.a(sbrk.o)

.debug_info     0x0000000000000000     0xc44a
 .debug_info    0x0000000000000000     0x2369 build/debug/Core/Src/main.o
 .debug_info    0x0000000000002369      0xcae build/debug/Core/Src/stm32f0xx_hal_msp.o
 .debug_info    0x0000000000003017      0x121 build/debug/Core/Src/stm32f0xx_it.o
 .debug_info    0x0000000000003138      0x25d build/debug/Core/Src/system_stm32f0xx.o
 .debug_info    0x0000000000003395      0x74c build/debug/Drivers/STM32F0xx_HAL_Driver/Src/stm32f0xx_hal.o
 .debug_info    0x0000000000003ae1      0xf56 build/debug/Drivers/STM32F0xx_HAL_Driver/Src/stm32f0xx_hal_adc.o
 .debug_info    0x0000000000004a37      0x7cc build/debug/Drivers/STM32F0xx_HAL_Driver/Src/stm32f0xx_hal_cortex.o
 .debug_info    0x0000000000005203      0x5ec build/debug/Drivers/STM32F0xx_HAL_Driver/Src/stm32f0xx_hal_gpio.o
 .debug_info    0x00000000000057ef     0x3b27 build/debug/Drivers/STM32F0xx_HAL_Driver/Src/stm32f0xx_hal_tim.o
 .debug_info    0x0000000000009316     0x1a01 build/debug/Drivers/STM32F0xx_HAL_Driver/Src/stm32f0xx_hal_tim_ex.o
 .debug_info    0x000000000000ad17      0x4d7 build/debug/Drivers/STM32F0xx_HAL_Driver/Src/stm32f0xx_ll_exti.o
 .debug_info    0x000000000000b1ee      0x76f build/debug/Drivers/STM32F0xx_HAL_Driver/Src/stm32f0xx_ll_gpio.o
 .debug_info    0x000000000000b95d      0xa1c build/debug/Drivers/STM32F0xx_HAL_Driver/Src/stm32f0xx_ll_utils.o
 .debug_info    0x000000000000c379       0x2e build/debug/startup_stm32f051x8.o
 .debug_info    0x000000000000c3a7       0x2f c:/users/asusv/appdata/roaming/code/user/globalstorage/bmd.stm32-for-vscode/@xpack-dev-tools/arm-none-eabi-gcc/12.2.1-1.2.1/.content/bin/../lib/gcc/arm-none-eabi/12.2.1/thumb/v6-m/nofp\libgcc.a(_thumb1_case_shi.o)
 .debug_info    0x000000000000c3d6       0x3b c:/users/asusv/appdata/roaming/code/user/globalstorage/bmd.stm32-for-vscode/@xpack-dev-tools/arm-none-eabi-gcc/12.2.1-1.2.1/.content/bin/../lib/gcc/arm-none-eabi/12.2.1/thumb/v6-m/nofp\libgcc.a(_udivsi3.o)
 .debug_info    0x000000000000c411       0x39 c:/users/asusv/appdata/roaming/code/user/globalstorage/bmd.stm32-for-vscode/@xpack-dev-tools/arm-none-eabi-gcc/12.2.1-1.2.1/.content/bin/../lib/gcc/arm-none-eabi/12.2.1/thumb/v6-m/nofp\libgcc.a(_dvmd_tls.o)

.debug_abbrev   0x0000000000000000     0x1eac
 .debug_abbrev  0x0000000000000000      0x4e6 build/debug/Core/Src/main.o
 .debug_abbrev  0x00000000000004e6      0x1f8 build/debug/Core/Src/stm32f0xx_hal_msp.o
 .debug_abbrev  0x00000000000006de       0xb5 build/debug/Core/Src/stm32f0xx_it.o
 .debug_abbrev  0x0000000000000793      0x136 build/debug/Core/Src/system_stm32f0xx.o
 .debug_abbrev  0x00000000000008c9      0x265 build/debug/Drivers/STM32F0xx_HAL_Driver/Src/stm32f0xx_hal.o
 .debug_abbrev  0x0000000000000b2e      0x22f build/debug/Drivers/STM32F0xx_HAL_Driver/Src/stm32f0xx_hal_adc.o
 .debug_abbrev  0x0000000000000d5d      0x2ec build/debug/Drivers/STM32F0xx_HAL_Driver/Src/stm32f0xx_hal_cortex.o
 .debug_abbrev  0x0000000000001049      0x1f8 build/debug/Drivers/STM32F0xx_HAL_Driver/Src/stm32f0xx_hal_gpio.o
 .debug_abbrev  0x0000000000001241      0x285 build/debug/Drivers/STM32F0xx_HAL_Driver/Src/stm32f0xx_hal_tim.o
 .debug_abbrev  0x00000000000014c6      0x283 build/debug/Drivers/STM32F0xx_HAL_Driver/Src/stm32f0xx_hal_tim_ex.o
 .debug_abbrev  0x0000000000001749      0x1b3 build/debug/Drivers/STM32F0xx_HAL_Driver/Src/stm32f0xx_ll_exti.o
 .debug_abbrev  0x00000000000018fc      0x225 build/debug/Drivers/STM32F0xx_HAL_Driver/Src/stm32f0xx_ll_gpio.o
 .debug_abbrev  0x0000000000001b21      0x30d build/debug/Drivers/STM32F0xx_HAL_Driver/Src/stm32f0xx_ll_utils.o
 .debug_abbrev  0x0000000000001e2e       0x1d build/debug/startup_stm32f051x8.o
 .debug_abbrev  0x0000000000001e4b       0x21 c:/users/asusv/appdata/roaming/code/user/globalstorage/bmd.stm32-for-vscode/@xpack-dev-tools/arm-none-eabi-gcc/12.2.1-1.2.1/.content/bin/../lib/gcc/arm-none-eabi/12.2.1/thumb/v6-m/nofp\libgcc.a(_thumb1_case_shi.o)
 .debug_abbrev  0x0000000000001e6c       0x21 c:/users/asusv/appdata/roaming/code/user/globalstorage/bmd.stm32-for-vscode/@xpack-dev-tools/arm-none-eabi-gcc/12.2.1-1.2.1/.content/bin/../lib/gcc/arm-none-eabi/12.2.1/thumb/v6-m/nofp\libgcc.a(_udivsi3.o)
 .debug_abbrev  0x0000000000001e8d       0x1f c:/users/asusv/appdata/roaming/code/user/globalstorage/bmd.stm32-for-vscode/@xpack-dev-tools/arm-none-eabi-gcc/12.2.1-1.2.1/.content/bin/../lib/gcc/arm-none-eabi/12.2.1/thumb/v6-m/nofp\libgcc.a(_dvmd_tls.o)

.debug_loclists
                0x0000000000000000     0x6760
 .debug_loclists
                0x0000000000000000      0x2a3 build/debug/Core/Src/main.o
 .debug_loclists
                0x00000000000002a3       0x7e build/debug/Core/Src/stm32f0xx_hal_msp.o
 .debug_loclists
                0x0000000000000321       0xdc build/debug/Core/Src/system_stm32f0xx.o
 .debug_loclists
                0x00000000000003fd       0xc9 build/debug/Drivers/STM32F0xx_HAL_Driver/Src/stm32f0xx_hal.o
 .debug_loclists
                0x00000000000004c6      0x907 build/debug/Drivers/STM32F0xx_HAL_Driver/Src/stm32f0xx_hal_adc.o
 .debug_loclists
                0x0000000000000dcd      0x1ae build/debug/Drivers/STM32F0xx_HAL_Driver/Src/stm32f0xx_hal_cortex.o
 .debug_loclists
                0x0000000000000f7b      0x25d build/debug/Drivers/STM32F0xx_HAL_Driver/Src/stm32f0xx_hal_gpio.o
 .debug_loclists
                0x00000000000011d8     0x37d8 build/debug/Drivers/STM32F0xx_HAL_Driver/Src/stm32f0xx_hal_tim.o
 .debug_loclists
                0x00000000000049b0     0x15e7 build/debug/Drivers/STM32F0xx_HAL_Driver/Src/stm32f0xx_hal_tim_ex.o
 .debug_loclists
                0x0000000000005f97      0x1a2 build/debug/Drivers/STM32F0xx_HAL_Driver/Src/stm32f0xx_ll_exti.o
 .debug_loclists
                0x0000000000006139      0x249 build/debug/Drivers/STM32F0xx_HAL_Driver/Src/stm32f0xx_ll_gpio.o
 .debug_loclists
                0x0000000000006382      0x3de build/debug/Drivers/STM32F0xx_HAL_Driver/Src/stm32f0xx_ll_utils.o

.debug_aranges  0x0000000000000000      0xad0
 .debug_aranges
                0x0000000000000000       0xe0 build/debug/Core/Src/main.o
 .debug_aranges
                0x00000000000000e0       0x48 build/debug/Core/Src/stm32f0xx_hal_msp.o
 .debug_aranges
                0x0000000000000128       0x40 build/debug/Core/Src/stm32f0xx_it.o
 .debug_aranges
                0x0000000000000168       0x28 build/debug/Core/Src/system_stm32f0xx.o
 .debug_aranges
                0x0000000000000190       0xd0 build/debug/Drivers/STM32F0xx_HAL_Driver/Src/stm32f0xx_hal.o
 .debug_aranges
                0x0000000000000260       0xf8 build/debug/Drivers/STM32F0xx_HAL_Driver/Src/stm32f0xx_hal_adc.o
 .debug_aranges
                0x0000000000000358       0x98 build/debug/Drivers/STM32F0xx_HAL_Driver/Src/stm32f0xx_hal_cortex.o
 .debug_aranges
                0x00000000000003f0       0x58 build/debug/Drivers/STM32F0xx_HAL_Driver/Src/stm32f0xx_hal_gpio.o
 .debug_aranges
                0x0000000000000448      0x3d0 build/debug/Drivers/STM32F0xx_HAL_Driver/Src/stm32f0xx_hal_tim.o
 .debug_aranges
                0x0000000000000818      0x168 build/debug/Drivers/STM32F0xx_HAL_Driver/Src/stm32f0xx_hal_tim_ex.o
 .debug_aranges
                0x0000000000000980       0x30 build/debug/Drivers/STM32F0xx_HAL_Driver/Src/stm32f0xx_ll_exti.o
 .debug_aranges
                0x00000000000009b0       0x30 build/debug/Drivers/STM32F0xx_HAL_Driver/Src/stm32f0xx_ll_gpio.o
 .debug_aranges
                0x00000000000009e0       0x68 build/debug/Drivers/STM32F0xx_HAL_Driver/Src/stm32f0xx_ll_utils.o
 .debug_aranges
                0x0000000000000a48       0x28 build/debug/startup_stm32f051x8.o
 .debug_aranges
                0x0000000000000a70       0x20 c:/users/asusv/appdata/roaming/code/user/globalstorage/bmd.stm32-for-vscode/@xpack-dev-tools/arm-none-eabi-gcc/12.2.1-1.2.1/.content/bin/../lib/gcc/arm-none-eabi/12.2.1/thumb/v6-m/nofp\libgcc.a(_thumb1_case_shi.o)
 .debug_aranges
                0x0000000000000a90       0x20 c:/users/asusv/appdata/roaming/code/user/globalstorage/bmd.stm32-for-vscode/@xpack-dev-tools/arm-none-eabi-gcc/12.2.1-1.2.1/.content/bin/../lib/gcc/arm-none-eabi/12.2.1/thumb/v6-m/nofp\libgcc.a(_udivsi3.o)
 .debug_aranges
                0x0000000000000ab0       0x20 c:/users/asusv/appdata/roaming/code/user/globalstorage/bmd.stm32-for-vscode/@xpack-dev-tools/arm-none-eabi-gcc/12.2.1-1.2.1/.content/bin/../lib/gcc/arm-none-eabi/12.2.1/thumb/v6-m/nofp\libgcc.a(_dvmd_tls.o)

.debug_rnglists
                0x0000000000000000      0x840
 .debug_rnglists
                0x0000000000000000       0xae build/debug/Core/Src/main.o
 .debug_rnglists
                0x00000000000000ae       0x31 build/debug/Core/Src/stm32f0xx_hal_msp.o
 .debug_rnglists
                0x00000000000000df       0x2b build/debug/Core/Src/stm32f0xx_it.o
 .debug_rnglists
                0x000000000000010a       0x1a build/debug/Core/Src/system_stm32f0xx.o
 .debug_rnglists
                0x0000000000000124       0x97 build/debug/Drivers/STM32F0xx_HAL_Driver/Src/stm32f0xx_hal.o
 .debug_rnglists
                0x00000000000001bb       0xc1 build/debug/Drivers/STM32F0xx_HAL_Driver/Src/stm32f0xx_hal_adc.o
 .debug_rnglists
                0x000000000000027c       0x79 build/debug/Drivers/STM32F0xx_HAL_Driver/Src/stm32f0xx_hal_cortex.o
 .debug_rnglists
                0x00000000000002f5       0x3f build/debug/Drivers/STM32F0xx_HAL_Driver/Src/stm32f0xx_hal_gpio.o
 .debug_rnglists
                0x0000000000000334      0x305 build/debug/Drivers/STM32F0xx_HAL_Driver/Src/stm32f0xx_hal_tim.o
 .debug_rnglists
                0x0000000000000639      0x11a build/debug/Drivers/STM32F0xx_HAL_Driver/Src/stm32f0xx_hal_tim_ex.o
 .debug_rnglists
                0x0000000000000753       0x38 build/debug/Drivers/STM32F0xx_HAL_Driver/Src/stm32f0xx_ll_exti.o
 .debug_rnglists
                0x000000000000078b       0x51 build/debug/Drivers/STM32F0xx_HAL_Driver/Src/stm32f0xx_ll_gpio.o
 .debug_rnglists
                0x00000000000007dc       0x4b build/debug/Drivers/STM32F0xx_HAL_Driver/Src/stm32f0xx_ll_utils.o
 .debug_rnglists
                0x0000000000000827       0x19 build/debug/startup_stm32f051x8.o

.debug_line     0x0000000000000000     0xbc71
 .debug_line    0x0000000000000000     0x1369 build/debug/Core/Src/main.o
 .debug_line    0x0000000000001369      0x440 build/debug/Core/Src/stm32f0xx_hal_msp.o
 .debug_line    0x00000000000017a9      0x26e build/debug/Core/Src/stm32f0xx_it.o
 .debug_line    0x0000000000001a17      0x2b5 build/debug/Core/Src/system_stm32f0xx.o
 .debug_line    0x0000000000001ccc      0x598 build/debug/Drivers/STM32F0xx_HAL_Driver/Src/stm32f0xx_hal.o
 .debug_line    0x0000000000002264     0x109a build/debug/Drivers/STM32F0xx_HAL_Driver/Src/stm32f0xx_hal_adc.o
 .debug_line    0x00000000000032fe      0x5c9 build/debug/Drivers/STM32F0xx_HAL_Driver/Src/stm32f0xx_hal_cortex.o
 .debug_line    0x00000000000038c7      0x732 build/debug/Drivers/STM32F0xx_HAL_Driver/Src/stm32f0xx_hal_gpio.o
 .debug_line    0x0000000000003ff9     0x4cd4 build/debug/Drivers/STM32F0xx_HAL_Driver/Src/stm32f0xx_hal_tim.o
 .debug_line    0x0000000000008ccd     0x1d2f build/debug/Drivers/STM32F0xx_HAL_Driver/Src/stm32f0xx_hal_tim_ex.o
 .debug_line    0x000000000000a9fc      0x451 build/debug/Drivers/STM32F0xx_HAL_Driver/Src/stm32f0xx_ll_exti.o
 .debug_line    0x000000000000ae4d      0x50e build/debug/Drivers/STM32F0xx_HAL_Driver/Src/stm32f0xx_ll_gpio.o
 .debug_line    0x000000000000b35b      0x7ac build/debug/Drivers/STM32F0xx_HAL_Driver/Src/stm32f0xx_ll_utils.o
 .debug_line    0x000000000000bb07       0x77 build/debug/startup_stm32f051x8.o
 .debug_line    0x000000000000bb7e       0x53 c:/users/asusv/appdata/roaming/code/user/globalstorage/bmd.stm32-for-vscode/@xpack-dev-tools/arm-none-eabi-gcc/12.2.1-1.2.1/.content/bin/../lib/gcc/arm-none-eabi/12.2.1/thumb/v6-m/nofp\libgcc.a(_thumb1_case_shi.o)
 .debug_line    0x000000000000bbd1       0x56 c:/users/asusv/appdata/roaming/code/user/globalstorage/bmd.stm32-for-vscode/@xpack-dev-tools/arm-none-eabi-gcc/12.2.1-1.2.1/.content/bin/../lib/gcc/arm-none-eabi/12.2.1/thumb/v6-m/nofp\libgcc.a(_udivsi3.o)
 .debug_line    0x000000000000bc27       0x4a c:/users/asusv/appdata/roaming/code/user/globalstorage/bmd.stm32-for-vscode/@xpack-dev-tools/arm-none-eabi-gcc/12.2.1-1.2.1/.content/bin/../lib/gcc/arm-none-eabi/12.2.1/thumb/v6-m/nofp\libgcc.a(_dvmd_tls.o)

.debug_str      0x0000000000000000     0x34b2
 .debug_str     0x0000000000000000     0x1224 build/debug/Core/Src/main.o
                                       0x1379 (size before relaxing)
 .debug_str     0x0000000000001224       0xa4 build/debug/Core/Src/stm32f0xx_hal_msp.o
                                        0x9a6 (size before relaxing)
 .debug_str     0x00000000000012c8       0x6d build/debug/Core/Src/stm32f0xx_it.o
                                        0x216 (size before relaxing)
 .debug_str     0x0000000000001335       0x78 build/debug/Core/Src/system_stm32f0xx.o
                                        0x287 (size before relaxing)
 .debug_str     0x00000000000013ad      0x270 build/debug/Drivers/STM32F0xx_HAL_Driver/Src/stm32f0xx_hal.o
                                        0x6fb (size before relaxing)
 .debug_str     0x000000000000161d      0x2ab build/debug/Drivers/STM32F0xx_HAL_Driver/Src/stm32f0xx_hal_adc.o
                                        0x914 (size before relaxing)
 .debug_str     0x00000000000018c8      0x20b build/debug/Drivers/STM32F0xx_HAL_Driver/Src/stm32f0xx_hal_cortex.o
                                        0x63c (size before relaxing)
 .debug_str     0x0000000000001ad3       0xb7 build/debug/Drivers/STM32F0xx_HAL_Driver/Src/stm32f0xx_hal_gpio.o
                                        0x416 (size before relaxing)
 .debug_str     0x0000000000001b8a      0xdd5 build/debug/Drivers/STM32F0xx_HAL_Driver/Src/stm32f0xx_hal_tim.o
                                       0x168b (size before relaxing)
 .debug_str     0x000000000000295f      0x4eb build/debug/Drivers/STM32F0xx_HAL_Driver/Src/stm32f0xx_hal_tim_ex.o
                                        0xea7 (size before relaxing)
 .debug_str     0x0000000000002e4a      0x13c build/debug/Drivers/STM32F0xx_HAL_Driver/Src/stm32f0xx_ll_exti.o
                                        0x38b (size before relaxing)
 .debug_str     0x0000000000002f86       0xf3 build/debug/Drivers/STM32F0xx_HAL_Driver/Src/stm32f0xx_ll_gpio.o
                                        0x3b7 (size before relaxing)
 .debug_str     0x0000000000003079      0x2a8 build/debug/Drivers/STM32F0xx_HAL_Driver/Src/stm32f0xx_ll_utils.o
                                        0x61d (size before relaxing)
 .debug_str     0x0000000000003321       0x32 build/debug/startup_stm32f051x8.o
                                         0x9c (size before relaxing)
 .debug_str     0x0000000000003353      0x128 c:/users/asusv/appdata/roaming/code/user/globalstorage/bmd.stm32-for-vscode/@xpack-dev-tools/arm-none-eabi-gcc/12.2.1-1.2.1/.content/bin/../lib/gcc/arm-none-eabi/12.2.1/thumb/v6-m/nofp\libgcc.a(_thumb1_case_shi.o)
                                        0x136 (size before relaxing)
 .debug_str     0x000000000000347b       0x1b c:/users/asusv/appdata/roaming/code/user/globalstorage/bmd.stm32-for-vscode/@xpack-dev-tools/arm-none-eabi-gcc/12.2.1-1.2.1/.content/bin/../lib/gcc/arm-none-eabi/12.2.1/thumb/v6-m/nofp\libgcc.a(_udivsi3.o)
                                        0x13b (size before relaxing)
 .debug_str     0x0000000000003496       0x1c c:/users/asusv/appdata/roaming/code/user/globalstorage/bmd.stm32-for-vscode/@xpack-dev-tools/arm-none-eabi-gcc/12.2.1-1.2.1/.content/bin/../lib/gcc/arm-none-eabi/12.2.1/thumb/v6-m/nofp\libgcc.a(_dvmd_tls.o)
                                        0x13c (size before relaxing)

.debug_frame    0x0000000000000000     0x1ab4
 .debug_frame   0x0000000000000000      0x274 build/debug/Core/Src/main.o
 .debug_frame   0x0000000000000274       0x98 build/debug/Core/Src/stm32f0xx_hal_msp.o
 .debug_frame   0x000000000000030c       0x68 build/debug/Core/Src/stm32f0xx_it.o
 .debug_frame   0x0000000000000374       0x38 build/debug/Core/Src/system_stm32f0xx.o
 .debug_frame   0x00000000000003ac      0x1ac build/debug/Drivers/STM32F0xx_HAL_Driver/Src/stm32f0xx_hal.o
 .debug_frame   0x0000000000000558      0x2a4 build/debug/Drivers/STM32F0xx_HAL_Driver/Src/stm32f0xx_hal_adc.o
 .debug_frame   0x00000000000007fc      0x144 build/debug/Drivers/STM32F0xx_HAL_Driver/Src/stm32f0xx_hal_cortex.o
 .debug_frame   0x0000000000000940       0xc0 build/debug/Drivers/STM32F0xx_HAL_Driver/Src/stm32f0xx_hal_gpio.o
 .debug_frame   0x0000000000000a00      0xadc build/debug/Drivers/STM32F0xx_HAL_Driver/Src/stm32f0xx_hal_tim.o
 .debug_frame   0x00000000000014dc      0x420 build/debug/Drivers/STM32F0xx_HAL_Driver/Src/stm32f0xx_hal_tim_ex.o
 .debug_frame   0x00000000000018fc       0x48 build/debug/Drivers/STM32F0xx_HAL_Driver/Src/stm32f0xx_ll_exti.o
 .debug_frame   0x0000000000001944       0x50 build/debug/Drivers/STM32F0xx_HAL_Driver/Src/stm32f0xx_ll_gpio.o
 .debug_frame   0x0000000000001994      0x100 build/debug/Drivers/STM32F0xx_HAL_Driver/Src/stm32f0xx_ll_utils.o
 .debug_frame   0x0000000000001a94       0x20 c:/users/asusv/appdata/roaming/code/user/globalstorage/bmd.stm32-for-vscode/@xpack-dev-tools/arm-none-eabi-gcc/12.2.1-1.2.1/.content/bin/../lib/gcc/arm-none-eabi/12.2.1/thumb/v6-m/nofp\libgcc.a(_udivsi3.o)

.debug_line_str
                0x0000000000000000      0x192
 .debug_line_str
                0x0000000000000000       0x80 build/debug/startup_stm32f051x8.o
 .debug_line_str
                0x0000000000000080      0x112 c:/users/asusv/appdata/roaming/code/user/globalstorage/bmd.stm32-for-vscode/@xpack-dev-tools/arm-none-eabi-gcc/12.2.1-1.2.1/.content/bin/../lib/gcc/arm-none-eabi/12.2.1/thumb/v6-m/nofp\libgcc.a(_thumb1_case_shi.o)
 .debug_line_str
                0x0000000000000192      0x112 c:/users/asusv/appdata/roaming/code/user/globalstorage/bmd.stm32-for-vscode/@xpack-dev-tools/arm-none-eabi-gcc/12.2.1-1.2.1/.content/bin/../lib/gcc/arm-none-eabi/12.2.1/thumb/v6-m/nofp\libgcc.a(_udivsi3.o)
 .debug_line_str
                0x0000000000000192      0x112 c:/users/asusv/appdata/roaming/code/user/globalstorage/bmd.stm32-for-vscode/@xpack-dev-tools/arm-none-eabi-gcc/12.2.1-1.2.1/.content/bin/../lib/gcc/arm-none-eabi/12.2.1/thumb/v6-m/nofp\libgcc.a(_dvmd_tls.o)

Cross Reference Table

Symbol                                            File
ADC1_COMP_IRQHandler                              build/debug/Core/Src/main.o
ADCtoCCR                                          build/debug/Core/Src/main.o
AHBPrescTable                                     build/debug/Core/Src/system_stm32f0xx.o
                                                  build/debug/Drivers/STM32F0xx_HAL_Driver/Src/stm32f0xx_ll_utils.o
                                                  build/debug/Drivers/STM32F0xx_HAL_Driver/Src/stm32f0xx_ll_rcc.o
                                                  build/debug/Drivers/STM32F0xx_HAL_Driver/Src/stm32f0xx_hal_rcc.o
APBPrescTable                                     build/debug/Core/Src/system_stm32f0xx.o
                                                  build/debug/Drivers/STM32F0xx_HAL_Driver/Src/stm32f0xx_ll_rcc.o
                                                  build/debug/Drivers/STM32F0xx_HAL_Driver/Src/stm32f0xx_hal_rcc.o
CEC_CAN_IRQHandler                                build/debug/startup_stm32f051x8.o
DMA1_Channel1_IRQHandler                          build/debug/startup_stm32f051x8.o
DMA1_Channel2_3_IRQHandler                        build/debug/startup_stm32f051x8.o
DMA1_Channel4_5_IRQHandler                        build/debug/startup_stm32f051x8.o
Default_Handler                                   build/debug/startup_stm32f051x8.o
EXTI0_1_IRQHandler                                build/debug/Core/Src/main.o
EXTI2_3_IRQHandler                                build/debug/startup_stm32f051x8.o
EXTI4_15_IRQHandler                               build/debug/startup_stm32f051x8.o
Error_Handler                                     build/debug/Core/Src/main.o
FLASH_IRQHandler                                  build/debug/startup_stm32f051x8.o
FLASH_PageErase                                   build/debug/Drivers/STM32F0xx_HAL_Driver/Src/stm32f0xx_hal_flash_ex.o
                                                  build/debug/Drivers/STM32F0xx_HAL_Driver/Src/stm32f0xx_hal_flash.o
FLASH_WaitForLastOperation                        build/debug/Drivers/STM32F0xx_HAL_Driver/Src/stm32f0xx_hal_flash.o
                                                  build/debug/Drivers/STM32F0xx_HAL_Driver/Src/stm32f0xx_hal_flash_ex.o
HAL_ADCEx_Calibration_Start                       build/debug/Drivers/STM32F0xx_HAL_Driver/Src/stm32f0xx_hal_adc_ex.o
HAL_ADC_AnalogWDGConfig                           build/debug/Drivers/STM32F0xx_HAL_Driver/Src/stm32f0xx_hal_adc.o
HAL_ADC_ConfigChannel                             build/debug/Drivers/STM32F0xx_HAL_Driver/Src/stm32f0xx_hal_adc.o
                                                  build/debug/Core/Src/main.o
HAL_ADC_ConvCpltCallback                          build/debug/Drivers/STM32F0xx_HAL_Driver/Src/stm32f0xx_hal_adc.o
HAL_ADC_ConvHalfCpltCallback                      build/debug/Drivers/STM32F0xx_HAL_Driver/Src/stm32f0xx_hal_adc.o
HAL_ADC_DeInit                                    build/debug/Drivers/STM32F0xx_HAL_Driver/Src/stm32f0xx_hal_adc.o
HAL_ADC_ErrorCallback                             build/debug/Drivers/STM32F0xx_HAL_Driver/Src/stm32f0xx_hal_adc.o
HAL_ADC_GetError                                  build/debug/Drivers/STM32F0xx_HAL_Driver/Src/stm32f0xx_hal_adc.o
HAL_ADC_GetState                                  build/debug/Drivers/STM32F0xx_HAL_Driver/Src/stm32f0xx_hal_adc.o
HAL_ADC_GetValue                                  build/debug/Drivers/STM32F0xx_HAL_Driver/Src/stm32f0xx_hal_adc.o
                                                  build/debug/Core/Src/main.o
HAL_ADC_IRQHandler                                build/debug/Drivers/STM32F0xx_HAL_Driver/Src/stm32f0xx_hal_adc.o
                                                  build/debug/Core/Src/main.o
HAL_ADC_Init                                      build/debug/Drivers/STM32F0xx_HAL_Driver/Src/stm32f0xx_hal_adc.o
                                                  build/debug/Core/Src/main.o
HAL_ADC_LevelOutOfWindowCallback                  build/debug/Drivers/STM32F0xx_HAL_Driver/Src/stm32f0xx_hal_adc.o
HAL_ADC_MspDeInit                                 build/debug/Core/Src/stm32f0xx_hal_msp.o
HAL_ADC_MspInit                                   build/debug/Core/Src/stm32f0xx_hal_msp.o
HAL_ADC_PollForConversion                         build/debug/Drivers/STM32F0xx_HAL_Driver/Src/stm32f0xx_hal_adc.o
                                                  build/debug/Core/Src/main.o
HAL_ADC_PollForEvent                              build/debug/Drivers/STM32F0xx_HAL_Driver/Src/stm32f0xx_hal_adc.o
HAL_ADC_Start                                     build/debug/Drivers/STM32F0xx_HAL_Driver/Src/stm32f0xx_hal_adc.o
                                                  build/debug/Core/Src/main.o
HAL_ADC_Start_DMA                                 build/debug/Drivers/STM32F0xx_HAL_Driver/Src/stm32f0xx_hal_adc.o
HAL_ADC_Start_IT                                  build/debug/Drivers/STM32F0xx_HAL_Driver/Src/stm32f0xx_hal_adc.o
HAL_ADC_Stop                                      build/debug/Drivers/STM32F0xx_HAL_Driver/Src/stm32f0xx_hal_adc.o
                                                  build/debug/Core/Src/main.o
HAL_ADC_Stop_DMA                                  build/debug/Drivers/STM32F0xx_HAL_Driver/Src/stm32f0xx_hal_adc.o
HAL_ADC_Stop_IT                                   build/debug/Drivers/STM32F0xx_HAL_Driver/Src/stm32f0xx_hal_adc.o
HAL_DBGMCU_DisableDBGStandbyMode                  build/debug/Drivers/STM32F0xx_HAL_Driver/Src/stm32f0xx_hal.o
HAL_DBGMCU_DisableDBGStopMode                     build/debug/Drivers/STM32F0xx_HAL_Driver/Src/stm32f0xx_hal.o
HAL_DBGMCU_EnableDBGStandbyMode                   build/debug/Drivers/STM32F0xx_HAL_Driver/Src/stm32f0xx_hal.o
HAL_DBGMCU_EnableDBGStopMode                      build/debug/Drivers/STM32F0xx_HAL_Driver/Src/stm32f0xx_hal.o
HAL_DMA_Abort                                     build/debug/Drivers/STM32F0xx_HAL_Driver/Src/stm32f0xx_hal_dma.o
                                                  build/debug/Drivers/STM32F0xx_HAL_Driver/Src/stm32f0xx_hal_adc.o
HAL_DMA_Abort_IT                                  build/debug/Drivers/STM32F0xx_HAL_Driver/Src/stm32f0xx_hal_dma.o
                                                  build/debug/Drivers/STM32F0xx_HAL_Driver/Src/stm32f0xx_hal_tim_ex.o
                                                  build/debug/Drivers/STM32F0xx_HAL_Driver/Src/stm32f0xx_hal_tim.o
                                                  build/debug/Drivers/STM32F0xx_HAL_Driver/Src/stm32f0xx_hal_i2c.o
HAL_DMA_DeInit                                    build/debug/Drivers/STM32F0xx_HAL_Driver/Src/stm32f0xx_hal_dma.o
HAL_DMA_GetError                                  build/debug/Drivers/STM32F0xx_HAL_Driver/Src/stm32f0xx_hal_dma.o
HAL_DMA_GetState                                  build/debug/Drivers/STM32F0xx_HAL_Driver/Src/stm32f0xx_hal_dma.o
                                                  build/debug/Drivers/STM32F0xx_HAL_Driver/Src/stm32f0xx_hal_i2c.o
HAL_DMA_IRQHandler                                build/debug/Drivers/STM32F0xx_HAL_Driver/Src/stm32f0xx_hal_dma.o
HAL_DMA_Init                                      build/debug/Drivers/STM32F0xx_HAL_Driver/Src/stm32f0xx_hal_dma.o
HAL_DMA_PollForTransfer                           build/debug/Drivers/STM32F0xx_HAL_Driver/Src/stm32f0xx_hal_dma.o
HAL_DMA_RegisterCallback                          build/debug/Drivers/STM32F0xx_HAL_Driver/Src/stm32f0xx_hal_dma.o
HAL_DMA_Start                                     build/debug/Drivers/STM32F0xx_HAL_Driver/Src/stm32f0xx_hal_dma.o
HAL_DMA_Start_IT                                  build/debug/Drivers/STM32F0xx_HAL_Driver/Src/stm32f0xx_hal_dma.o
                                                  build/debug/Drivers/STM32F0xx_HAL_Driver/Src/stm32f0xx_hal_tim_ex.o
                                                  build/debug/Drivers/STM32F0xx_HAL_Driver/Src/stm32f0xx_hal_tim.o
                                                  build/debug/Drivers/STM32F0xx_HAL_Driver/Src/stm32f0xx_hal_i2c.o
                                                  build/debug/Drivers/STM32F0xx_HAL_Driver/Src/stm32f0xx_hal_adc.o
HAL_DMA_UnRegisterCallback                        build/debug/Drivers/STM32F0xx_HAL_Driver/Src/stm32f0xx_hal_dma.o
HAL_DeInit                                        build/debug/Drivers/STM32F0xx_HAL_Driver/Src/stm32f0xx_hal.o
HAL_Delay                                         build/debug/Drivers/STM32F0xx_HAL_Driver/Src/stm32f0xx_hal.o
HAL_FLASHEx_Erase                                 build/debug/Drivers/STM32F0xx_HAL_Driver/Src/stm32f0xx_hal_flash_ex.o
HAL_FLASHEx_Erase_IT                              build/debug/Drivers/STM32F0xx_HAL_Driver/Src/stm32f0xx_hal_flash_ex.o
HAL_FLASHEx_OBErase                               build/debug/Drivers/STM32F0xx_HAL_Driver/Src/stm32f0xx_hal_flash_ex.o
HAL_FLASHEx_OBGetConfig                           build/debug/Drivers/STM32F0xx_HAL_Driver/Src/stm32f0xx_hal_flash_ex.o
HAL_FLASHEx_OBGetUserData                         build/debug/Drivers/STM32F0xx_HAL_Driver/Src/stm32f0xx_hal_flash_ex.o
HAL_FLASHEx_OBProgram                             build/debug/Drivers/STM32F0xx_HAL_Driver/Src/stm32f0xx_hal_flash_ex.o
HAL_FLASH_EndOfOperationCallback                  build/debug/Drivers/STM32F0xx_HAL_Driver/Src/stm32f0xx_hal_flash.o
HAL_FLASH_GetError                                build/debug/Drivers/STM32F0xx_HAL_Driver/Src/stm32f0xx_hal_flash.o
HAL_FLASH_IRQHandler                              build/debug/Drivers/STM32F0xx_HAL_Driver/Src/stm32f0xx_hal_flash.o
HAL_FLASH_Lock                                    build/debug/Drivers/STM32F0xx_HAL_Driver/Src/stm32f0xx_hal_flash.o
HAL_FLASH_OB_Launch                               build/debug/Drivers/STM32F0xx_HAL_Driver/Src/stm32f0xx_hal_flash.o
HAL_FLASH_OB_Lock                                 build/debug/Drivers/STM32F0xx_HAL_Driver/Src/stm32f0xx_hal_flash.o
HAL_FLASH_OB_Unlock                               build/debug/Drivers/STM32F0xx_HAL_Driver/Src/stm32f0xx_hal_flash.o
HAL_FLASH_OperationErrorCallback                  build/debug/Drivers/STM32F0xx_HAL_Driver/Src/stm32f0xx_hal_flash.o
HAL_FLASH_Program                                 build/debug/Drivers/STM32F0xx_HAL_Driver/Src/stm32f0xx_hal_flash.o
HAL_FLASH_Program_IT                              build/debug/Drivers/STM32F0xx_HAL_Driver/Src/stm32f0xx_hal_flash.o
HAL_FLASH_Unlock                                  build/debug/Drivers/STM32F0xx_HAL_Driver/Src/stm32f0xx_hal_flash.o
HAL_GPIO_DeInit                                   build/debug/Drivers/STM32F0xx_HAL_Driver/Src/stm32f0xx_hal_gpio.o
                                                  build/debug/Core/Src/stm32f0xx_hal_msp.o
HAL_GPIO_EXTI_Callback                            build/debug/Drivers/STM32F0xx_HAL_Driver/Src/stm32f0xx_hal_gpio.o
HAL_GPIO_EXTI_IRQHandler                          build/debug/Drivers/STM32F0xx_HAL_Driver/Src/stm32f0xx_hal_gpio.o
                                                  build/debug/Core/Src/main.o
HAL_GPIO_Init                                     build/debug/Drivers/STM32F0xx_HAL_Driver/Src/stm32f0xx_hal_gpio.o
                                                  build/debug/Drivers/STM32F0xx_HAL_Driver/Src/stm32f0xx_hal_rcc.o
                                                  build/debug/Core/Src/stm32f0xx_hal_msp.o
HAL_GPIO_LockPin                                  build/debug/Drivers/STM32F0xx_HAL_Driver/Src/stm32f0xx_hal_gpio.o
HAL_GPIO_ReadPin                                  build/debug/Drivers/STM32F0xx_HAL_Driver/Src/stm32f0xx_hal_gpio.o
HAL_GPIO_TogglePin                                build/debug/Drivers/STM32F0xx_HAL_Driver/Src/stm32f0xx_hal_gpio.o
                                                  build/debug/Core/Src/main.o
HAL_GPIO_WritePin                                 build/debug/Drivers/STM32F0xx_HAL_Driver/Src/stm32f0xx_hal_gpio.o
                                                  build/debug/Core/Src/main.o
HAL_GetDEVID                                      build/debug/Drivers/STM32F0xx_HAL_Driver/Src/stm32f0xx_hal.o
HAL_GetHalVersion                                 build/debug/Drivers/STM32F0xx_HAL_Driver/Src/stm32f0xx_hal.o
HAL_GetREVID                                      build/debug/Drivers/STM32F0xx_HAL_Driver/Src/stm32f0xx_hal.o
HAL_GetTick                                       build/debug/Drivers/STM32F0xx_HAL_Driver/Src/stm32f0xx_hal.o
                                                  build/debug/Drivers/STM32F0xx_HAL_Driver/Src/stm32f0xx_hal_rcc_ex.o
                                                  build/debug/Drivers/STM32F0xx_HAL_Driver/Src/stm32f0xx_hal_rcc.o
                                                  build/debug/Drivers/STM32F0xx_HAL_Driver/Src/stm32f0xx_hal_i2c.o